Archive member included because of file (symbol)

/usr/local/arm/gcc-arm-none-eabi-4_9-2014q4/bin/../lib/gcc/arm-none-eabi/4.9.3/../../../../arm-none-eabi/lib/armv7-m/libg_nano.a(lib_a-errno.o)
                              ./system/src/newlib/_sbrk.o (__errno)
/usr/local/arm/gcc-arm-none-eabi-4_9-2014q4/bin/../lib/gcc/arm-none-eabi/4.9.3/../../../../arm-none-eabi/lib/armv7-m/libg_nano.a(lib_a-impure.o)
                              /usr/local/arm/gcc-arm-none-eabi-4_9-2014q4/bin/../lib/gcc/arm-none-eabi/4.9.3/../../../../arm-none-eabi/lib/armv7-m/libg_nano.a(lib_a-errno.o) (_impure_ptr)
/usr/local/arm/gcc-arm-none-eabi-4_9-2014q4/bin/../lib/gcc/arm-none-eabi/4.9.3/../../../../arm-none-eabi/lib/armv7-m/libg_nano.a(lib_a-memcmp.o)
                              ./src/Configuration/ConfigMessage.o (memcmp)
/usr/local/arm/gcc-arm-none-eabi-4_9-2014q4/bin/../lib/gcc/arm-none-eabi/4.9.3/../../../../arm-none-eabi/lib/armv7-m/libg_nano.a(lib_a-memcpy.o)
                              ./src/PlatformHandler/ring_buffer.o (memcpy)
/usr/local/arm/gcc-arm-none-eabi-4_9-2014q4/bin/../lib/gcc/arm-none-eabi/4.9.3/../../../../arm-none-eabi/lib/armv7-m/libg_nano.a(lib_a-memset.o)
                              ./src/PlatformHandler/flashHandler.o (memset)
/usr/local/arm/gcc-arm-none-eabi-4_9-2014q4/bin/../lib/gcc/arm-none-eabi/4.9.3/../../../../arm-none-eabi/lib/armv7-m/libg_nano.a(lib_a-printf.o)
                              ./src/Configuration/ConfigData.o (printf)
/usr/local/arm/gcc-arm-none-eabi-4_9-2014q4/bin/../lib/gcc/arm-none-eabi/4.9.3/../../../../arm-none-eabi/lib/armv7-m/libg_nano.a(lib_a-sprintf.o)
                              ./src/netutil/netutil.o (sprintf)
/usr/local/arm/gcc-arm-none-eabi-4_9-2014q4/bin/../lib/gcc/arm-none-eabi/4.9.3/../../../../arm-none-eabi/lib/armv7-m/libg_nano.a(lib_a-strcmp.o)
                              ./src/Configuration/ConfigMessage.o (strcmp)
/usr/local/arm/gcc-arm-none-eabi-4_9-2014q4/bin/../lib/gcc/arm-none-eabi/4.9.3/../../../../arm-none-eabi/lib/armv7-m/libg_nano.a(lib_a-strcpy.o)
                              ./src/netutil/netutil.o (strcpy)
/usr/local/arm/gcc-arm-none-eabi-4_9-2014q4/bin/../lib/gcc/arm-none-eabi/4.9.3/../../../../arm-none-eabi/lib/armv7-m/libg_nano.a(lib_a-strlen.o)
                              ./src/PlatformHandler/uartHandler.o (strlen)
/usr/local/arm/gcc-arm-none-eabi-4_9-2014q4/bin/../lib/gcc/arm-none-eabi/4.9.3/../../../../arm-none-eabi/lib/armv7-m/libg_nano.a(lib_a-strtok.o)
                              ./src/netutil/netutil.o (strtok)
/usr/local/arm/gcc-arm-none-eabi-4_9-2014q4/bin/../lib/gcc/arm-none-eabi/4.9.3/../../../../arm-none-eabi/lib/armv7-m/libg_nano.a(lib_a-strtok_r.o)
                              /usr/local/arm/gcc-arm-none-eabi-4_9-2014q4/bin/../lib/gcc/arm-none-eabi/4.9.3/../../../../arm-none-eabi/lib/armv7-m/libg_nano.a(lib_a-strtok.o) (__strtok_r)
/usr/local/arm/gcc-arm-none-eabi-4_9-2014q4/bin/../lib/gcc/arm-none-eabi/4.9.3/../../../../arm-none-eabi/lib/armv7-m/libg_nano.a(lib_a-strtol.o)
                              ./src/netutil/netutil.o (strtol)
/usr/local/arm/gcc-arm-none-eabi-4_9-2014q4/bin/../lib/gcc/arm-none-eabi/4.9.3/../../../../arm-none-eabi/lib/armv7-m/libg_nano.a(lib_a-vsprintf.o)
                              ./src/PlatformHandler/uartHandler.o (vsprintf)
/usr/local/arm/gcc-arm-none-eabi-4_9-2014q4/bin/../lib/gcc/arm-none-eabi/4.9.3/../../../../arm-none-eabi/lib/armv7-m/libg_nano.a(lib_a-ctype_.o)
                              /usr/local/arm/gcc-arm-none-eabi-4_9-2014q4/bin/../lib/gcc/arm-none-eabi/4.9.3/../../../../arm-none-eabi/lib/armv7-m/libg_nano.a(lib_a-strtol.o) (__ctype_ptr__)
/usr/local/arm/gcc-arm-none-eabi-4_9-2014q4/bin/../lib/gcc/arm-none-eabi/4.9.3/../../../../arm-none-eabi/lib/armv7-m/libg_nano.a(lib_a-findfp.o)
                              /usr/local/arm/gcc-arm-none-eabi-4_9-2014q4/bin/../lib/gcc/arm-none-eabi/4.9.3/../../../../arm-none-eabi/lib/armv7-m/libg_nano.a(lib_a-printf.o) (__sinit)
/usr/local/arm/gcc-arm-none-eabi-4_9-2014q4/bin/../lib/gcc/arm-none-eabi/4.9.3/../../../../arm-none-eabi/lib/armv7-m/libg_nano.a(lib_a-fwalk.o)
                              /usr/local/arm/gcc-arm-none-eabi-4_9-2014q4/bin/../lib/gcc/arm-none-eabi/4.9.3/../../../../arm-none-eabi/lib/armv7-m/libg_nano.a(lib_a-findfp.o) (_fwalk)
/usr/local/arm/gcc-arm-none-eabi-4_9-2014q4/bin/../lib/gcc/arm-none-eabi/4.9.3/../../../../arm-none-eabi/lib/armv7-m/libg_nano.a(lib_a-malloc.o)
                              /usr/local/arm/gcc-arm-none-eabi-4_9-2014q4/bin/../lib/gcc/arm-none-eabi/4.9.3/../../../../arm-none-eabi/lib/armv7-m/libg_nano.a(lib_a-strtok.o) (malloc)
/usr/local/arm/gcc-arm-none-eabi-4_9-2014q4/bin/../lib/gcc/arm-none-eabi/4.9.3/../../../../arm-none-eabi/lib/armv7-m/libg_nano.a(lib_a-nano-freer.o)
                              /usr/local/arm/gcc-arm-none-eabi-4_9-2014q4/bin/../lib/gcc/arm-none-eabi/4.9.3/../../../../arm-none-eabi/lib/armv7-m/libg_nano.a(lib_a-malloc.o) (_free_r)
[...]
Memory Configuration

Name             Origin             Length             Attributes
RAM              0x20000000         0x00005000         xrw
CCMRAM           0x00000000         0x00000000         xrw
FLASH            0x08000000         0x00006000         xr
FLASHB1          0x00000000         0x00000000         xr
EXTMEMB0         0x00000000         0x00000000         xr
EXTMEMB1         0x00000000         0x00000000         xr
EXTMEMB2         0x00000000         0x00000000         xr
EXTMEMB3         0x00000000         0x00000000         xr
MEMORY_ARRAY     0x00000000         0x00000000         xrw
*default*        0x00000000         0xffffffff

Linker script and memory map

LOAD ./system/src/stm32f1-stdperiph/misc.o
LOAD ./system/src/stm32f1-stdperiph/stm32f10x_adc.o
LOAD ./system/src/stm32f1-stdperiph/stm32f10x_bkp.o
LOAD ./system/src/stm32f1-stdperiph/stm32f10x_can.o
LOAD ./system/src/stm32f1-stdperiph/stm32f10x_cec.o
LOAD ./system/src/stm32f1-stdperiph/stm32f10x_crc.o
LOAD ./system/src/stm32f1-stdperiph/stm32f10x_dac.o
LOAD ./system/src/stm32f1-stdperiph/stm32f10x_dbgmcu.o
LOAD ./system/src/stm32f1-stdperiph/stm32f10x_dma.o
LOAD ./system/src/stm32f1-stdperiph/stm32f10x_exti.o
LOAD ./system/src/stm32f1-stdperiph/stm32f10x_flash.o
LOAD ./system/src/stm32f1-stdperiph/stm32f10x_fsmc.o
LOAD ./system/src/stm32f1-stdperiph/stm32f10x_gpio.o
LOAD ./system/src/stm32f1-stdperiph/stm32f10x_i2c.o
LOAD ./system/src/stm32f1-stdperiph/stm32f10x_iwdg.o
LOAD ./system/src/stm32f1-stdperiph/stm32f10x_pwr.o
LOAD ./system/src/stm32f1-stdperiph/stm32f10x_rcc.o
LOAD ./system/src/stm32f1-stdperiph/stm32f10x_rtc.o
LOAD ./system/src/stm32f1-stdperiph/stm32f10x_sdio.o
LOAD ./system/src/stm32f1-stdperiph/stm32f10x_spi.o
LOAD ./system/src/stm32f1-stdperiph/stm32f10x_tim.o
LOAD ./system/src/stm32f1-stdperiph/stm32f10x_usart.o
LOAD ./system/src/stm32f1-stdperiph/stm32f10x_wwdg.o
LOAD ./system/src/newlib/_cxx.o
LOAD ./system/src/newlib/_exit.o
LOAD ./system/src/newlib/_sbrk.o
LOAD ./system/src/newlib/_startup.o
LOAD ./system/src/newlib/_syscalls.o
LOAD ./system/src/newlib/_write.o
LOAD ./system/src/newlib/assert.o
LOAD ./system/src/diag/Trace.o
LOAD ./system/src/diag/trace_impl.o
LOAD ./system/src/cortexm/_initialize_hardware.o
LOAD ./system/src/cortexm/_reset_hardware.o
LOAD ./system/src/cortexm/exception_handlers.o
LOAD ./system/src/cmsis/system_stm32f10x.o
LOAD ./system/src/cmsis/vectors_stm32f10x.o
LOAD ./src/netutil/netutil.o
LOAD ./src/PlatformHandler/flashHandler.o
LOAD ./src/PlatformHandler/gpioHandler.o
LOAD ./src/PlatformHandler/rccHandler.o
LOAD ./src/PlatformHandler/ring_buffer.o
LOAD ./src/PlatformHandler/spiHandler.o
LOAD ./src/PlatformHandler/storageHandler.o
LOAD ./src/PlatformHandler/timerHandler.o
LOAD ./src/PlatformHandler/uartHandler.o
LOAD ./src/Internet/TFTP/tftp.o
LOAD ./src/Ethernet/W5500/w5500.o
LOAD ./src/Ethernet/socket.o
LOAD ./src/Ethernet/wizchip_conf.o
LOAD ./src/Configuration/ConfigData.o
LOAD ./src/Configuration/ConfigMessage.o
LOAD ./src/main.o
LOAD /usr/local/arm/gcc-arm-none-eabi-4_9-2014q4/bin/../lib/gcc/arm-none-eabi/4.9.3/../../../../arm-none-eabi/lib/armv7-m/libstdc++_nano.a
LOAD /usr/local/arm/gcc-arm-none-eabi-4_9-2014q4/bin/../lib/gcc/arm-none-eabi/4.9.3/../../../../arm-none-eabi/lib/armv7-m/libm.a
START GROUP
LOAD /usr/local/arm/gcc-arm-none-eabi-4_9-2014q4/bin/../lib/gcc/arm-none-eabi/4.9.3/armv7-m/libgcc.a
LOAD /usr/local/arm/gcc-arm-none-eabi-4_9-2014q4/bin/../lib/gcc/arm-none-eabi/4.9.3/../../../../arm-none-eabi/lib/armv7-m/libg_nano.a
LOAD /usr/local/arm/gcc-arm-none-eabi-4_9-2014q4/bin/../lib/gcc/arm-none-eabi/4.9.3/../../../../arm-none-eabi/lib/armv7-m/libc_nano.a
END GROUP
START GROUP
LOAD /usr/local/arm/gcc-arm-none-eabi-4_9-2014q4/bin/../lib/gcc/arm-none-eabi/4.9.3/armv7-m/libgcc.a
LOAD /usr/local/arm/gcc-arm-none-eabi-4_9-2014q4/bin/../lib/gcc/arm-none-eabi/4.9.3/../../../../arm-none-eabi/lib/armv7-m/libc_nano.a
END GROUP
                0x20005000                __stack = (ORIGIN (RAM) + 0x5000)
                0x20005000                _estack = __stack
                0x00000400                __Main_Stack_Size = 0x400
                0x00000400                PROVIDE (_Main_Stack_Size, __Main_Stack_Size)
                0x20004c00                __Main_Stack_Limit = (__stack - __Main_Stack_Size)
                0x20004c00                PROVIDE (_Main_Stack_Limit, __Main_Stack_Limit)
                0x00000100                _Minimum_Stack_Size = 0x100
                0x2000120c                PROVIDE (_Heap_Begin, _end_noinit)
                0x20004c00                PROVIDE (_Heap_Limit, (__stack - __Main_Stack_Size))

.isr_vector     0x08000000      0x248
                0x08000000                . = ALIGN (0x4)
 *(.isr_vector)
 .isr_vector    0x08000000      0x10c ./system/src/cmsis/vectors_stm32f10x.o
                0x08000000                __isr_vectors
 *(.cfmconfig)
 *(.after_vectors .after_vectors.*)
 .after_vectors
                0x0800010c      0x10c ./system/src/newlib/_startup.o
                0x0800010c                _start
 .after_vectors
                0x08000218       0x2c ./system/src/cortexm/exception_handlers.o
                0x08000218                Reset_Handler
                0x08000220                NMI_Handler
                0x08000224                HardFault_Handler
                0x08000228                MemManage_Handler
                0x0800022c                BusFault_Handler
                0x08000230                UsageFault_Handler
                0x08000234                SVC_Handler
                0x08000238                DebugMon_Handler
                0x0800023c                PendSV_Handler
                0x08000240                SysTick_Handler
 .after_vectors
                0x08000244        0x4 ./system/src/cmsis/vectors_stm32f10x.o
                0x08000244                EXTI2_IRQHandler
                0x08000244                TIM8_TRG_COM_IRQHandler
                0x08000244                TIM8_CC_IRQHandler
                0x08000244                TIM1_CC_IRQHandler
                0x08000244                TIM6_IRQHandler
                0x08000244                PVD_IRQHandler
                0x08000244                SDIO_IRQHandler
                0x08000244                CAN2_RX1_IRQHandler
                0x08000244                EXTI3_IRQHandler
                0x08000244                TIM8_TRG_COM_TIM14_IRQHandler
                0x08000244                TIM1_UP_TIM10_IRQHandler
                0x08000244                TIM8_UP_TIM13_IRQHandler
                0x08000244                EXTI0_IRQHandler
                0x08000244                I2C2_EV_IRQHandler
                0x08000244                CAN1_RX0_IRQHandler
                0x08000244                TIM1_UP_TIM16_IRQHandler
                0x08000244                CAN2_SCE_IRQHandler
                0x08000244                ADC1_2_IRQHandler
                0x08000244                SPI1_IRQHandler
                0x08000244                TAMPER_IRQHandler
                0x08000244                TIM6_DAC_IRQHandler
                0x08000244                TIM1_BRK_TIM9_IRQHandler
                0x08000244                CAN2_RX0_IRQHandler
                0x08000244                TIM8_UP_IRQHandler
                0x08000244                DMA2_Channel2_IRQHandler
                0x08000244                DMA1_Channel4_IRQHandler
                0x08000244                USART3_IRQHandler
                0x08000244                RTC_IRQHandler
                0x08000244                DMA1_Channel7_IRQHandler
                0x08000244                CAN1_RX1_IRQHandler
                0x08000244                UART5_IRQHandler
                0x08000244                ADC3_IRQHandler
                0x08000244                TIM4_IRQHandler
                0x08000244                DMA2_Channel1_IRQHandler
                0x08000244                I2C1_EV_IRQHandler
                0x08000244                DMA1_Channel6_IRQHandler
                0x08000244                UART4_IRQHandler
                0x08000244                DMA2_Channel4_IRQHandler
                0x08000244                TIM3_IRQHandler
                0x08000244                RCC_IRQHandler
                0x08000244                TIM8_BRK_TIM12_IRQHandler
                0x08000244                TIM1_TRG_COM_IRQHandler
                0x08000244                DMA1_Channel1_IRQHandler
                0x08000244                Default_Handler
                0x08000244                CEC_IRQHandler
                0x08000244                EXTI15_10_IRQHandler
                0x08000244                TIM14_IRQHandler
                0x08000244                TIM13_IRQHandler
                0x08000244                TIM12_IRQHandler
                0x08000244                TIM7_IRQHandler
                0x08000244                CAN2_TX_IRQHandler
                0x08000244                TIM5_IRQHandler
                0x08000244                EXTI9_5_IRQHandler
                0x08000244                ETH_WKUP_IRQHandler
                0x08000244                SPI2_IRQHandler
                0x08000244                CAN1_TX_IRQHandler
                0x08000244                DMA2_Channel5_IRQHandler
                0x08000244                DMA1_Channel5_IRQHandler
                0x08000244                EXTI4_IRQHandler
                0x08000244                USB_LP_CAN1_RX0_IRQHandler
                0x08000244                TIM1_TRG_COM_TIM17_IRQHandler
                0x08000244                USB_HP_CAN1_TX_IRQHandler
                0x08000244                DMA1_Channel3_IRQHandler
                0x08000244                FSMC_IRQHandler
                0x08000244                ETH_IRQHandler
                0x08000244                TIM1_UP_IRQHandler
                0x08000244                WWDG_IRQHandler
                0x08000244                OTG_FS_WKUP_IRQHandler
                0x08000244                TIM1_TRG_COM_TIM11_IRQHandler
                0x08000244                TIM1_BRK_IRQHandler
                0x08000244                EXTI1_IRQHandler
                0x08000244                RTCAlarm_IRQHandler
                0x08000244                DMA2_Channel4_5_IRQHandler
                0x08000244                USART2_IRQHandler
                0x08000244                I2C2_ER_IRQHandler
                0x08000244                DMA1_Channel2_IRQHandler
                0x08000244                TIM8_BRK_IRQHandler
                0x08000244                CAN1_SCE_IRQHandler
                0x08000244                FLASH_IRQHandler
                0x08000244                OTG_FS_IRQHandler
                0x08000244                SPI3_IRQHandler
                0x08000244                I2C1_ER_IRQHandler
                0x08000244                USBWakeUp_IRQHandler
                0x08000244                DMA2_Channel3_IRQHandler
                0x08000244                TIM1_BRK_TIM15_IRQHandler
                0x08000248                . = ALIGN (0x4)

.inits          0x08000248        0x0
                0x08000248                . = ALIGN (0x4)
 *(.init)
 *(.fini)
                0x08000248                . = ALIGN (0x4)
                0x08000248                PROVIDE (__preinit_array_start, .)
 *(.preinit_array_sysinit .preinit_array_sysinit.*)
 *(.preinit_array_platform .preinit_array_platform.*)
 *(.preinit_array .preinit_array.*)
                0x08000248                PROVIDE (__preinit_array_end, .)
                0x08000248                . = ALIGN (0x4)
                0x08000248                PROVIDE (__init_array_start, .)
 *(SORT(.init_array.*))
 *(.init_array)
                0x08000248                PROVIDE (__init_array_end, .)
                0x08000248                . = ALIGN (0x4)
                0x08000248                PROVIDE (__fini_array_start, .)
 *(SORT(.fini_array.*))
 *(.fini_array)
                0x08000248                PROVIDE (__fini_array_end, .)
                0x08000248                . = ALIGN (0x4)

.flashtext      0x08000248        0x0
                0x08000248                . = ALIGN (0x4)
 *(.flashtext .flashtext.*)
                0x08000248                . = ALIGN (0x4)

.text           0x08000248     0x57e4
                0x08000248                . = ALIGN (0x4)
 *(.text .text.*)
 .text.NVIC_Init
                0x08000248       0x98 ./system/src/stm32f1-stdperiph/misc.o
                0x08000248                NVIC_Init
 .text.FLASH_SetLatency
                0x080002e0       0x28 ./system/src/stm32f1-stdperiph/stm32f10x_flash.o
                0x080002e0                FLASH_SetLatency
 .text.FLASH_PrefetchBufferCmd
                0x08000308       0x30 ./system/src/stm32f1-stdperiph/stm32f10x_flash.o
                0x08000308                FLASH_PrefetchBufferCmd
 .text.FLASH_Unlock
                0x08000338       0x18 ./system/src/stm32f1-stdperiph/stm32f10x_flash.o
                0x08000338                FLASH_Unlock
 .text.FLASH_Lock
                0x08000350       0x10 ./system/src/stm32f1-stdperiph/stm32f10x_flash.o
                0x08000350                FLASH_Lock
 .text.FLASH_ClearFlag
                0x08000360       0x24 ./system/src/stm32f1-stdperiph/stm32f10x_flash.o
                0x08000360                FLASH_ClearFlag
 .text.FLASH_GetBank1Status
                0x08000384       0x34 ./system/src/stm32f1-stdperiph/stm32f10x_flash.o
                0x08000384                FLASH_GetBank1Status
 .text.FLASH_WaitForLastOperation
                0x080003b8       0x20 ./system/src/stm32f1-stdperiph/stm32f10x_flash.o
                0x080003b8                FLASH_WaitForLastOperation
 .text.FLASH_ErasePage
                0x080003d8       0x5c ./system/src/stm32f1-stdperiph/stm32f10x_flash.o
                0x080003d8                FLASH_ErasePage
 .text.FLASH_ProgramWord
                0x08000434       0x88 ./system/src/stm32f1-stdperiph/stm32f10x_flash.o
                0x08000434                FLASH_ProgramWord
 .text.GPIO_Init
                0x080004bc      0x12c ./system/src/stm32f1-stdperiph/stm32f10x_gpio.o
                0x080004bc                GPIO_Init
 .text.GPIO_SetBits
                0x080005e8       0x60 ./system/src/stm32f1-stdperiph/stm32f10x_gpio.o
                0x080005e8                GPIO_SetBits
 .text.GPIO_ResetBits
                0x08000648       0x60 ./system/src/stm32f1-stdperiph/stm32f10x_gpio.o
                0x08000648                GPIO_ResetBits
 .text.RCC_DeInit
                0x080006a8       0x40 ./system/src/stm32f1-stdperiph/stm32f10x_rcc.o
                0x080006a8                RCC_DeInit
 .text.RCC_HSEConfig
                0x080006e8       0x5c ./system/src/stm32f1-stdperiph/stm32f10x_rcc.o
                0x080006e8                RCC_HSEConfig
 .text.RCC_PLLConfig
                0x08000744       0x98 ./system/src/stm32f1-stdperiph/stm32f10x_rcc.o
                0x08000744                RCC_PLLConfig
 .text.RCC_PLLCmd
                0x080007dc       0x20 ./system/src/stm32f1-stdperiph/stm32f10x_rcc.o
                0x080007dc                RCC_PLLCmd
 .text.RCC_SYSCLKConfig
                0x080007fc       0x28 ./system/src/stm32f1-stdperiph/stm32f10x_rcc.o
                0x080007fc                RCC_SYSCLKConfig
 .text.RCC_GetSYSCLKSource
                0x08000824       0x10 ./system/src/stm32f1-stdperiph/stm32f10x_rcc.o
                0x08000824                RCC_GetSYSCLKSource
 .text.RCC_HCLKConfig
                0x08000834       0x48 ./system/src/stm32f1-stdperiph/stm32f10x_rcc.o
                0x08000834                RCC_HCLKConfig
 .text.RCC_PCLK1Config
                0x0800087c       0x40 ./system/src/stm32f1-stdperiph/stm32f10x_rcc.o
                0x0800087c                RCC_PCLK1Config
 .text.RCC_PCLK2Config
                0x080008bc       0x40 ./system/src/stm32f1-stdperiph/stm32f10x_rcc.o
                0x080008bc                RCC_PCLK2Config
 .text.RCC_GetClocksFreq
                0x080008fc       0xc4 ./system/src/stm32f1-stdperiph/stm32f10x_rcc.o
                0x080008fc                RCC_GetClocksFreq
 .text.RCC_APB2PeriphClockCmd
                0x080009c0       0x4c ./system/src/stm32f1-stdperiph/stm32f10x_rcc.o
                0x080009c0                RCC_APB2PeriphClockCmd
 .text.RCC_APB1PeriphClockCmd
                0x08000a0c       0x4c ./system/src/stm32f1-stdperiph/stm32f10x_rcc.o
                0x08000a0c                RCC_APB1PeriphClockCmd
 .text.RCC_GetFlagStatus
                0x08000a58       0x70 ./system/src/stm32f1-stdperiph/stm32f10x_rcc.o
                0x08000a58                RCC_GetFlagStatus
 .text.RCC_WaitForHSEStartUp
                0x08000ac8       0x34 ./system/src/stm32f1-stdperiph/stm32f10x_rcc.o
                0x08000ac8                RCC_WaitForHSEStartUp
 .text.SPI_Init
                0x08000afc      0x12c ./system/src/stm32f1-stdperiph/stm32f10x_spi.o
                0x08000afc                SPI_Init
 .text.SPI_Cmd  0x08000c28       0x58 ./system/src/stm32f1-stdperiph/stm32f10x_spi.o
                0x08000c28                SPI_Cmd
 .text.SPI_I2S_SendData
                0x08000c80       0x34 ./system/src/stm32f1-stdperiph/stm32f10x_spi.o
                0x08000c80                SPI_I2S_SendData
 .text.SPI_I2S_ReceiveData
                0x08000cb4       0x34 ./system/src/stm32f1-stdperiph/stm32f10x_spi.o
                0x08000cb4                SPI_I2S_ReceiveData
 .text.SPI_I2S_GetFlagStatus
                0x08000ce8       0x68 ./system/src/stm32f1-stdperiph/stm32f10x_spi.o
                0x08000ce8                SPI_I2S_GetFlagStatus
 .text.TIM_TimeBaseInit
                0x08000d50      0x15c ./system/src/stm32f1-stdperiph/stm32f10x_tim.o
                0x08000d50                TIM_TimeBaseInit
 .text.TIM_Cmd  0x08000eac       0xc8 ./system/src/stm32f1-stdperiph/stm32f10x_tim.o
                0x08000eac                TIM_Cmd
 .text.TIM_ITConfig
                0x08000f74       0xd8 ./system/src/stm32f1-stdperiph/stm32f10x_tim.o
                0x08000f74                TIM_ITConfig
 .text.TIM_PrescalerConfig
                0x0800104c       0xb4 ./system/src/stm32f1-stdperiph/stm32f10x_tim.o
                0x0800104c                TIM_PrescalerConfig
 .text.TIM_GetITStatus
                0x08001100       0xe0 ./system/src/stm32f1-stdperiph/stm32f10x_tim.o
                0x08001100                TIM_GetITStatus
 .text.TIM_ClearITPendingBit
                0x080011e0       0xb8 ./system/src/stm32f1-stdperiph/stm32f10x_tim.o
                0x080011e0                TIM_ClearITPendingBit
 .text.USART_Init
                0x08001298      0x1b0 ./system/src/stm32f1-stdperiph/stm32f10x_usart.o
                0x08001298                USART_Init
 .text.USART_ClockInit
                0x08001448       0x9c ./system/src/stm32f1-stdperiph/stm32f10x_usart.o
                0x08001448                USART_ClockInit
 .text.USART_Cmd
                0x080014e4       0x68 ./system/src/stm32f1-stdperiph/stm32f10x_usart.o
                0x080014e4                USART_Cmd
 .text.USART_ITConfig
                0x0800154c       0xec ./system/src/stm32f1-stdperiph/stm32f10x_usart.o
                0x0800154c                USART_ITConfig
 .text.USART_SendData
                0x08001638       0x58 ./system/src/stm32f1-stdperiph/stm32f10x_usart.o
                0x08001638                USART_SendData
 .text.USART_ReceiveData
                0x08001690       0x44 ./system/src/stm32f1-stdperiph/stm32f10x_usart.o
                0x08001690                USART_ReceiveData
 .text.USART_GetITStatus
                0x080016d4       0xfc ./system/src/stm32f1-stdperiph/stm32f10x_usart.o
                0x080016d4                USART_GetITStatus
 .text._exit    0x080017d0        0x4 ./system/src/newlib/_exit.o
                0x080017d0                _exit
 .text.abort    0x080017d4        0x8 ./system/src/newlib/_exit.o
                0x080017d4                abort
 .text._sbrk    0x080017dc       0x44 ./system/src/newlib/_sbrk.o
                0x080017dc                _sbrk
 .text.__initialize_args
                0x08001820       0x10 ./system/src/newlib/_syscalls.o
                0x08001820                __initialize_args
 .text._close   0x08001830       0x10 ./system/src/newlib/_syscalls.o
                0x08001830                _close
 .text._fstat   0x08001840       0x10 ./system/src/newlib/_syscalls.o
                0x08001840                _fstat
 .text._isatty  0x08001850       0x10 ./system/src/newlib/_syscalls.o
                0x08001850                _isatty
 .text._lseek   0x08001860       0x10 ./system/src/newlib/_syscalls.o
                0x08001860                _lseek
 .text._read    0x08001870       0x10 ./system/src/newlib/_syscalls.o
                0x08001870                _read
 .text._write   0x08001880       0x10 ./system/src/newlib/_write.o
                0x08001880                _write
 .text.assert_failed
                0x08001890        0x8 ./system/src/newlib/assert.o
                0x08001890                assert_failed
 .text.__initialize_hardware
                0x08001898        0x8 ./system/src/cortexm/_initialize_hardware.o
                0x08001898                __initialize_hardware
 .text.SetSysClockTo72
                0x080018a0       0xc4 ./system/src/cmsis/system_stm32f10x.o
 .text.SetSysClock
                0x08001964        0x8 ./system/src/cmsis/system_stm32f10x.o
 .text.SystemInit
                0x0800196c       0x50 ./system/src/cmsis/system_stm32f10x.o
                0x0800196c                SystemInit
 .text.swaps    0x080019bc        0xc ./src/netutil/netutil.o
                0x080019bc                swaps
 .text.swapl    0x080019c8       0x18 ./src/netutil/netutil.o
                0x080019c8                swapl
 .text.htons    0x080019e0        0x8 ./src/netutil/netutil.o
                0x080019e0                htons
 .text.htonl    0x080019e8        0x8 ./src/netutil/netutil.o
                0x080019e8                htonl
 .text.ntohs    0x080019f0        0x8 ./src/netutil/netutil.o
                0x080019f0                ntohs
 .text.ntohl    0x080019f8        0x8 ./src/netutil/netutil.o
                0x080019f8                ntohl
 .text.erase_flash_page
                0x08001a00       0x2c ./src/PlatformHandler/flashHandler.o
                0x08001a00                erase_flash_page
 .text.write_flash
                0x08001a2c       0x58 ./src/PlatformHandler/flashHandler.o
                0x08001a2c                write_flash
 .text.read_flash
                0x08001a84       0x18 ./src/PlatformHandler/flashHandler.o
                0x08001a84                read_flash
 .text.save_data
                0x08001a9c       0x80 ./src/PlatformHandler/flashHandler.o
                0x08001a9c                save_data
 .text.probe_flash
                0x08001b1c       0xac ./src/PlatformHandler/flashHandler.o
                0x08001b1c                probe_flash
 .text.LED_Init
                0x08001bc8       0x44 ./src/PlatformHandler/gpioHandler.o
                0x08001bc8                LED_Init
 .text.LED_On   0x08001c0c       0x20 ./src/PlatformHandler/gpioHandler.o
                0x08001c0c                LED_On
 .text.LED_Off  0x08001c2c       0x20 ./src/PlatformHandler/gpioHandler.o
                0x08001c2c                LED_Off
 .text.LED_Toggle
                0x08001c4c       0x1c ./src/PlatformHandler/gpioHandler.o
                0x08001c4c                LED_Toggle
 .text.RCC_Configuration
                0x08001c68       0x80 ./src/PlatformHandler/rccHandler.o
                0x08001c68                RCC_Configuration
 .text.RingBuffer_Init
                0x08001ce8       0x10 ./src/PlatformHandler/ring_buffer.o
                0x08001ce8                RingBuffer_Init
 .text.RingBuffer_Insert
                0x08001cf8       0x30 ./src/PlatformHandler/ring_buffer.o
                0x08001cf8                RingBuffer_Insert
 .text.RingBuffer_InsertMult
                0x08001d28       0x90 ./src/PlatformHandler/ring_buffer.o
                0x08001d28                RingBuffer_InsertMult
 .text.RingBuffer_Pop
                0x08001db8       0x30 ./src/PlatformHandler/ring_buffer.o
                0x08001db8                RingBuffer_Pop
 .text.RingBuffer_PopMult
                0x08001de8       0x84 ./src/PlatformHandler/ring_buffer.o
                0x08001de8                RingBuffer_PopMult
 .text.wizchip_select
                0x08001e6c       0x14 ./src/PlatformHandler/spiHandler.o
 .text.wizchip_deselect
                0x08001e80       0x14 ./src/PlatformHandler/spiHandler.o
 .text.wizchip_rw
                0x08001e94       0x34 ./src/PlatformHandler/spiHandler.o
 .text.wizchip_write
                0x08001ec8        0x8 ./src/PlatformHandler/spiHandler.o
 .text.wizchip_read
                0x08001ed0        0xc ./src/PlatformHandler/spiHandler.o
 .text.Delay    0x08001edc       0x18 ./src/PlatformHandler/spiHandler.o
                0x08001edc                Delay
 .text.W5500_SPI_Init
                0x08001ef4       0xb0 ./src/PlatformHandler/spiHandler.o
                0x08001ef4                W5500_SPI_Init
 .text.W5500_Init
                0x08001fa4       0x84 ./src/PlatformHandler/spiHandler.o
                0x08001fa4                W5500_Init
 .text.read_storage
                0x08002028       0x20 ./src/PlatformHandler/storageHandler.o
                0x08002028                read_storage
 .text.write_storage
                0x08002048       0x30 ./src/PlatformHandler/storageHandler.o
                0x08002048                write_storage
 .text.TIM2_IRQHandler
                0x08002078       0x6c ./src/PlatformHandler/timerHandler.o
                0x08002078                TIM2_IRQHandler
 .text.Timer_Configuration
                0x080020e4       0x64 ./src/PlatformHandler/timerHandler.o
                0x080020e4                Timer_Configuration
 .text.Chip_UART_SendRB
                0x08002148       0x30 ./src/PlatformHandler/uartHandler.o
 .text.Chip_UART_ReadRB_BLK
                0x08002178       0x3c ./src/PlatformHandler/uartHandler.o
                0x08002178                Chip_UART_ReadRB_BLK
 .text.Chip_UART_IRQRBHandler
                0x080021b4       0x68 ./src/PlatformHandler/uartHandler.o
                0x080021b4                Chip_UART_IRQRBHandler
 .text.USART1_IRQHandler
                0x0800221c       0x1c ./src/PlatformHandler/uartHandler.o
                0x0800221c                USART1_IRQHandler
 .text.USART1_Configuration
                0x08002238       0xe4 ./src/PlatformHandler/uartHandler.o
                0x08002238                USART1_Configuration
 .text.UART_write
                0x0800231c       0x18 ./src/PlatformHandler/uartHandler.o
                0x0800231c                UART_write
 .text.UART_read_blk
                0x08002334       0x18 ./src/PlatformHandler/uartHandler.o
                0x08002334                UART_read_blk
 .text.myprintf
                0x0800234c       0x2c ./src/PlatformHandler/uartHandler.o
                0x0800234c                myprintf
 .text.init_tftp
                0x08002378       0x54 ./src/Internet/TFTP/tftp.o
 .text.tftp_cancel_timeout
                0x080023cc       0x24 ./src/Internet/TFTP/tftp.o
 .text.tftp_reg_timeout
                0x080023f0       0x24 ./src/Internet/TFTP/tftp.o
 .text.open_tftp_socket
                0x08002414       0x38 ./src/Internet/TFTP/tftp.o
 .text.send_udp_packet
                0x0800244c       0x34 ./src/Internet/TFTP/tftp.o
 .text.send_tftp_ack
                0x08002480       0x44 ./src/Internet/TFTP/tftp.o
 .text.recv_tftp_oack
                0x080024c4       0x34 ./src/Internet/TFTP/tftp.o
 .text.set_filename
                0x080024f8       0x14 ./src/Internet/TFTP/tftp.o
 .text.send_tftp_rrq
                0x0800250c       0xbc ./src/Internet/TFTP/tftp.o
 .text.recv_udp_packet
                0x080025c8       0x74 ./src/Internet/TFTP/tftp.o
 .text.recv_tftp_error
                0x0800263c       0x24 ./src/Internet/TFTP/tftp.o
 .text.recv_tftp_data
                0x08002660       0x8c ./src/Internet/TFTP/tftp.o
 .text.recv_tftp_packet
                0x080026ec       0x60 ./src/Internet/TFTP/tftp.o
 .text.TFTP_init
                0x0800274c       0x24 ./src/Internet/TFTP/tftp.o
                0x0800274c                TFTP_init
 .text.TFTP_run
                0x08002770       0xac ./src/Internet/TFTP/tftp.o
                0x08002770                TFTP_run
 .text.TFTP_read_request
                0x0800281c       0x2c ./src/Internet/TFTP/tftp.o
                0x0800281c                TFTP_read_request
 .text.tftp_timeout_handler
                0x08002848       0x18 ./src/Internet/TFTP/tftp.o
                0x08002848                tftp_timeout_handler
 .text.WIZCHIP_READ
                0x08002860       0x3c ./src/Ethernet/W5500/w5500.o
                0x08002860                WIZCHIP_READ
 .text.WIZCHIP_WRITE
                0x0800289c       0x40 ./src/Ethernet/W5500/w5500.o
                0x0800289c                WIZCHIP_WRITE
 .text.WIZCHIP_READ_BUF
                0x080028dc       0x4c ./src/Ethernet/W5500/w5500.o
                0x080028dc                WIZCHIP_READ_BUF
 .text.WIZCHIP_WRITE_BUF
                0x08002928       0x58 ./src/Ethernet/W5500/w5500.o
                0x08002928                WIZCHIP_WRITE_BUF
 .text.getSn_TX_FSR
                0x08002980       0x50 ./src/Ethernet/W5500/w5500.o
                0x08002980                getSn_TX_FSR
 .text.getSn_RX_RSR
                0x080029d0       0x50 ./src/Ethernet/W5500/w5500.o
                0x080029d0                getSn_RX_RSR
 .text.wiz_send_data
                0x08002a20       0x5c ./src/Ethernet/W5500/w5500.o
                0x08002a20                wiz_send_data
 .text.wiz_recv_data
                0x08002a7c       0x5c ./src/Ethernet/W5500/w5500.o
                0x08002a7c                wiz_recv_data
 .text.wiz_recv_ignore
                0x08002ad8       0x3c ./src/Ethernet/W5500/w5500.o
                0x08002ad8                wiz_recv_ignore
 .text.close    0x08002b14       0x6c ./src/Ethernet/socket.o
                0x08002b14                close
 .text.socket   0x08002b80      0x120 ./src/Ethernet/socket.o
                0x08002b80                socket
 .text.sendto   0x08002ca0      0x148 ./src/Ethernet/socket.o
                0x08002ca0                sendto
 .text.recvfrom
                0x08002de8      0x1ec ./src/Ethernet/socket.o
                0x08002de8                recvfrom
 .text.getsockopt
                0x08002fd4      0x13c ./src/Ethernet/socket.o
                0x08002fd4                getsockopt
 .text.wizchip_cris_enter
                0x08003110        0x4 ./src/Ethernet/wizchip_conf.o
                0x08003110                wizchip_cris_enter
 .text.wizchip_cris_exit
                0x08003114        0x4 ./src/Ethernet/wizchip_conf.o
                0x08003114                wizchip_cris_exit
 .text.wizchip_cs_select
                0x08003118        0x4 ./src/Ethernet/wizchip_conf.o
                0x08003118                wizchip_cs_select
 .text.wizchip_cs_deselect
                0x0800311c        0x4 ./src/Ethernet/wizchip_conf.o
                0x0800311c                wizchip_cs_deselect
 .text.wizchip_bus_readbyte
                0x08003120        0x4 ./src/Ethernet/wizchip_conf.o
                0x08003120                wizchip_bus_readbyte
 .text.wizchip_bus_writebyte
                0x08003124        0x4 ./src/Ethernet/wizchip_conf.o
                0x08003124                wizchip_bus_writebyte
 .text.wizchip_spi_readbyte
                0x08003128        0x4 ./src/Ethernet/wizchip_conf.o
                0x08003128                wizchip_spi_readbyte
 .text.wizchip_spi_writebyte
                0x0800312c        0x4 ./src/Ethernet/wizchip_conf.o
                0x0800312c                wizchip_spi_writebyte
 .text.reg_wizchip_cs_cbfunc
                0x08003130       0x24 ./src/Ethernet/wizchip_conf.o
                0x08003130                reg_wizchip_cs_cbfunc
 .text.reg_wizchip_spi_cbfunc
                0x08003154       0x34 ./src/Ethernet/wizchip_conf.o
                0x08003154                reg_wizchip_spi_cbfunc
 .text.wizchip_sw_reset
                0x08003188       0x78 ./src/Ethernet/wizchip_conf.o
                0x08003188                wizchip_sw_reset
 .text.wizchip_init
                0x08003200       0x9c ./src/Ethernet/wizchip_conf.o
                0x08003200                wizchip_init
 .text.wizchip_clrinterrupt
                0x0800329c       0x20 ./src/Ethernet/wizchip_conf.o
                0x0800329c                wizchip_clrinterrupt
 .text.wizchip_getinterrupt
                0x080032bc       0x24 ./src/Ethernet/wizchip_conf.o
                0x080032bc                wizchip_getinterrupt
 .text.wizchip_setinterruptmask
                0x080032e0       0x1c ./src/Ethernet/wizchip_conf.o
                0x080032e0                wizchip_setinterruptmask
 .text.wizchip_getinterruptmask
                0x080032fc       0x1c ./src/Ethernet/wizchip_conf.o
                0x080032fc                wizchip_getinterruptmask
 .text.wizphy_getphylink
                0x08003318       0x18 ./src/Ethernet/wizchip_conf.o
                0x08003318                wizphy_getphylink
 .text.wizphy_getphypmode
                0x08003330       0x18 ./src/Ethernet/wizchip_conf.o
                0x08003330                wizphy_getphypmode
 .text.wizphy_reset
                0x08003348       0x30 ./src/Ethernet/wizchip_conf.o
                0x08003348                wizphy_reset
 .text.wizphy_setphyconf
                0x08003378       0x4c ./src/Ethernet/wizchip_conf.o
                0x08003378                wizphy_setphyconf
 .text.wizphy_getphyconf
                0x080033c4       0x58 ./src/Ethernet/wizchip_conf.o
                0x080033c4                wizphy_getphyconf
 .text.wizphy_setphypmode
                0x0800341c       0x60 ./src/Ethernet/wizchip_conf.o
                0x0800341c                wizphy_setphypmode
 .text.ctlwizchip
                0x0800347c      0x114 ./src/Ethernet/wizchip_conf.o
                0x0800347c                ctlwizchip
 .text.wizchip_setnetinfo
                0x08003590       0x5c ./src/Ethernet/wizchip_conf.o
                0x08003590                wizchip_setnetinfo
 .text.wizchip_getnetinfo
                0x080035ec       0x5c ./src/Ethernet/wizchip_conf.o
                0x080035ec                wizchip_getnetinfo
 .text.wizchip_setnetmode
                0x08003648       0x2c ./src/Ethernet/wizchip_conf.o
                0x08003648                wizchip_setnetmode
 .text.wizchip_getnetmode
                0x08003674        0xc ./src/Ethernet/wizchip_conf.o
                0x08003674                wizchip_getnetmode
 .text.wizchip_settimeout
                0x08003680       0x28 ./src/Ethernet/wizchip_conf.o
                0x08003680                wizchip_settimeout
 .text.wizchip_gettimeout
                0x080036a8       0x28 ./src/Ethernet/wizchip_conf.o
                0x080036a8                wizchip_gettimeout
 .text.ctlnetwork
                0x080036d0       0x54 ./src/Ethernet/wizchip_conf.o
                0x080036d0                ctlnetwork
 .text.get_S2E_Packet_pointer
                0x08003724        0x8 ./src/Configuration/ConfigData.o
                0x08003724                get_S2E_Packet_pointer
 .text.set_S2E_Packet_to_factory_value
                0x0800372c      0x108 ./src/Configuration/ConfigData.o
                0x0800372c                set_S2E_Packet_to_factory_value
 .text.load_S2E_Packet_from_storage
                0x08003834       0x40 ./src/Configuration/ConfigData.o
                0x08003834                load_S2E_Packet_from_storage
 .text.save_S2E_Packet_to_storage
                0x08003874       0x14 ./src/Configuration/ConfigData.o
                0x08003874                save_S2E_Packet_to_storage
 .text.get_S2E_Packet_value
                0x08003888        0x8 ./src/Configuration/ConfigData.o
                0x08003888                get_S2E_Packet_value
 .text.set_S2E_Packet_value
                0x08003890        0x8 ./src/Configuration/ConfigData.o
                0x08003890                set_S2E_Packet_value
 .text.display_Net_Info
                0x08003898       0xa8 ./src/Configuration/ConfigData.o
                0x08003898                display_Net_Info
 .text.Net_Conf
                0x08003940       0x74 ./src/Configuration/ConfigData.o
                0x08003940                Net_Conf
 .text.atonum   0x080039b4       0x18 ./src/Configuration/ConfigData.o
                0x080039b4                atonum
 .text.get_hex  0x080039cc       0x1c ./src/Configuration/ConfigData.o
                0x080039cc                get_hex
 .text.check_mac_address
                0x080039e8       0xa8 ./src/Configuration/ConfigData.o
                0x080039e8                check_mac_address
 .text.NVIC_SystemReset
                0x08003a90       0x20 ./src/Configuration/ConfigMessage.o
 .text.encrypt  0x08003ab0       0x1c ./src/Configuration/ConfigMessage.o
 .text.decrypt  0x08003acc       0x1c ./src/Configuration/ConfigMessage.o
 .text.process_get_info
                0x08003ae8       0xdc ./src/Configuration/ConfigMessage.o
 .text.process_discovery
                0x08003bc4      0x22c ./src/Configuration/ConfigMessage.o
 .text.process_remote_reset
                0x08003df0       0xe0 ./src/Configuration/ConfigMessage.o
 .text.process_set_info
                0x08003ed0      0x114 ./src/Configuration/ConfigMessage.o
 .text.process_firmware_upload_init
                0x08003fe4      0x1b0 ./src/Configuration/ConfigMessage.o
 .text.process_factory_reset
                0x08004194       0xec ./src/Configuration/ConfigMessage.o
 .text.reply_firmware_upload_done
                0x08004280       0xc0 ./src/Configuration/ConfigMessage.o
                0x08004280                reply_firmware_upload_done
 .text.do_udp_config
                0x08004340       0xd0 ./src/Configuration/ConfigMessage.o
                0x08004340                do_udp_config
 .text.application_jump
                0x08004410       0x18 ./src/main.o
                0x08004410                application_jump
 .text.application_update
                0x08004428       0x78 ./src/main.o
                0x08004428                application_update
 .text.main     0x080044a0       0x70 ./src/main.o
                0x080044a0                main
 .text.__errno  0x08004510        0xc /usr/local/arm/gcc-arm-none-eabi-4_9-2014q4/bin/../lib/gcc/arm-none-eabi/4.9.3/../../../../arm-none-eabi/lib/armv7-m/libg_nano.a(lib_a-errno.o)
                0x08004510                __errno
 .text.memcmp   0x0800451c       0x20 /usr/local/arm/gcc-arm-none-eabi-4_9-2014q4/bin/../lib/gcc/arm-none-eabi/4.9.3/../../../../arm-none-eabi/lib/armv7-m/libg_nano.a(lib_a-memcmp.o)
                0x0800451c                memcmp
 .text.memcpy   0x0800453c       0x16 /usr/local/arm/gcc-arm-none-eabi-4_9-2014q4/bin/../lib/gcc/arm-none-eabi/4.9.3/../../../../arm-none-eabi/lib/armv7-m/libg_nano.a(lib_a-memcpy.o)
                0x0800453c                memcpy
 .text.memset   0x08004552       0x10 /usr/local/arm/gcc-arm-none-eabi-4_9-2014q4/bin/../lib/gcc/arm-none-eabi/4.9.3/../../../../arm-none-eabi/lib/armv7-m/libg_nano.a(lib_a-memset.o)
                0x08004552                memset
 *fill*         0x08004562        0x2 
 .text.printf   0x08004564       0x30 /usr/local/arm/gcc-arm-none-eabi-4_9-2014q4/bin/../lib/gcc/arm-none-eabi/4.9.3/../../../../arm-none-eabi/lib/armv7-m/libg_nano.a(lib_a-printf.o)
                0x08004564                printf
                0x08004564                iprintf
 .text          0x08004594       0x14 /usr/local/arm/gcc-arm-none-eabi-4_9-2014q4/bin/../lib/gcc/arm-none-eabi/4.9.3/../../../../arm-none-eabi/lib/armv7-m/libg_nano.a(lib_a-strcmp.o)
                0x08004594                strcmp
 .text.strcpy   0x080045a8       0x10 /usr/local/arm/gcc-arm-none-eabi-4_9-2014q4/bin/../lib/gcc/arm-none-eabi/4.9.3/../../../../arm-none-eabi/lib/armv7-m/libg_nano.a(lib_a-strcpy.o)
                0x080045a8                strcpy
 .text.strlen   0x080045b8       0x10 /usr/local/arm/gcc-arm-none-eabi-4_9-2014q4/bin/../lib/gcc/arm-none-eabi/4.9.3/../../../../arm-none-eabi/lib/armv7-m/libg_nano.a(lib_a-strlen.o)
                0x080045b8                strlen
 .text._vsprintf_r
                0x080045c8       0x30 /usr/local/arm/gcc-arm-none-eabi-4_9-2014q4/bin/../lib/gcc/arm-none-eabi/4.9.3/../../../../arm-none-eabi/lib/armv7-m/libg_nano.a(lib_a-vsprintf.o)
                0x080045c8                _vsiprintf_r
                0x080045c8                _vsprintf_r
 .text.vsprintf
                0x080045f8       0x1c /usr/local/arm/gcc-arm-none-eabi-4_9-2014q4/bin/../lib/gcc/arm-none-eabi/4.9.3/../../../../arm-none-eabi/lib/armv7-m/libg_nano.a(lib_a-vsprintf.o)
                0x080045f8                vsprintf
                0x080045f8                vsiprintf
 .text._cleanup_r
                0x08004614        0xc /usr/local/arm/gcc-arm-none-eabi-4_9-2014q4/bin/../lib/gcc/arm-none-eabi/4.9.3/../../../../arm-none-eabi/lib/armv7-m/libg_nano.a(lib_a-findfp.o)
                0x08004614                _cleanup_r
 .text.std.isra.0
                0x08004620       0x48 /usr/local/arm/gcc-arm-none-eabi-4_9-2014q4/bin/../lib/gcc/arm-none-eabi/4.9.3/../../../../arm-none-eabi/lib/armv7-m/libg_nano.a(lib_a-findfp.o)
 .text.__sfmoreglue
                0x08004668       0x2c /usr/local/arm/gcc-arm-none-eabi-4_9-2014q4/bin/../lib/gcc/arm-none-eabi/4.9.3/../../../../arm-none-eabi/lib/armv7-m/libg_nano.a(lib_a-findfp.o)
                0x08004668                __sfmoreglue
 .text.__sinit  0x08004694       0x60 /usr/local/arm/gcc-arm-none-eabi-4_9-2014q4/bin/../lib/gcc/arm-none-eabi/4.9.3/../../../../arm-none-eabi/lib/armv7-m/libg_nano.a(lib_a-findfp.o)
                0x08004694                __sinit
 .text.__sfp    0x080046f4       0x74 /usr/local/arm/gcc-arm-none-eabi-4_9-2014q4/bin/../lib/gcc/arm-none-eabi/4.9.3/../../../../arm-none-eabi/lib/armv7-m/libg_nano.a(lib_a-findfp.o)
                0x080046f4                __sfp
 .text._fwalk_reent
                0x08004768       0x3c /usr/local/arm/gcc-arm-none-eabi-4_9-2014q4/bin/../lib/gcc/arm-none-eabi/4.9.3/../../../../arm-none-eabi/lib/armv7-m/libg_nano.a(lib_a-fwalk.o)
                0x08004768                _fwalk_reent
 .text._free_r  0x080047a4       0x88 /usr/local/arm/gcc-arm-none-eabi-4_9-2014q4/bin/../lib/gcc/arm-none-eabi/4.9.3/../../../../arm-none-eabi/lib/armv7-m/libg_nano.a(lib_a-nano-freer.o)
                0x080047a4                _free_r
 .text._malloc_r
                0x0800482c       0xac /usr/local/arm/gcc-arm-none-eabi-4_9-2014q4/bin/../lib/gcc/arm-none-eabi/4.9.3/../../../../arm-none-eabi/lib/armv7-m/libg_nano.a(lib_a-nano-mallocr.o)
                0x0800482c                _malloc_r
 .text.__ssputs_r
                0x080048d8       0xb2 /usr/local/arm/gcc-arm-none-eabi-4_9-2014q4/bin/../lib/gcc/arm-none-eabi/4.9.3/../../../../arm-none-eabi/lib/armv7-m/libg_nano.a(lib_a-nano-svfprintf.o)
                0x080048d8                __ssputs_r
 *fill*         0x0800498a        0x2 
 .text._svfprintf_r
                0x0800498c      0x1e4 /usr/local/arm/gcc-arm-none-eabi-4_9-2014q4/bin/../lib/gcc/arm-none-eabi/4.9.3/../../../../arm-none-eabi/lib/armv7-m/libg_nano.a(lib_a-nano-svfprintf.o)
                0x0800498c                _svfprintf_r
                0x0800498c                _svfiprintf_r
 .text.__sfputc_r
                0x08004b70       0x2c /usr/local/arm/gcc-arm-none-eabi-4_9-2014q4/bin/../lib/gcc/arm-none-eabi/4.9.3/../../../../arm-none-eabi/lib/armv7-m/libg_nano.a(lib_a-nano-vfprintf.o)
 .text.__sfputs_r
                0x08004b9c       0x24 /usr/local/arm/gcc-arm-none-eabi-4_9-2014q4/bin/../lib/gcc/arm-none-eabi/4.9.3/../../../../arm-none-eabi/lib/armv7-m/libg_nano.a(lib_a-nano-vfprintf.o)
                0x08004b9c                __sfputs_r
 .text._vfprintf_r
                0x08004bc0      0x210 /usr/local/arm/gcc-arm-none-eabi-4_9-2014q4/bin/../lib/gcc/arm-none-eabi/4.9.3/../../../../arm-none-eabi/lib/armv7-m/libg_nano.a(lib_a-nano-vfprintf.o)
                0x08004bc0                _vfiprintf_r
                0x08004bc0                _vfprintf_r
 .text._printf_common
                0x08004dd0       0xea /usr/local/arm/gcc-arm-none-eabi-4_9-2014q4/bin/../lib/gcc/arm-none-eabi/4.9.3/../../../../arm-none-eabi/lib/armv7-m/libg_nano.a(lib_a-nano-vfprintf_i.o)
                0x08004dd0                _printf_common
 *fill*         0x08004eba        0x2 
 .text._printf_i
                0x08004ebc      0x234 /usr/local/arm/gcc-arm-none-eabi-4_9-2014q4/bin/../lib/gcc/arm-none-eabi/4.9.3/../../../../arm-none-eabi/lib/armv7-m/libg_nano.a(lib_a-nano-vfprintf_i.o)
                0x08004ebc                _printf_i
 .text._sbrk_r  0x080050f0       0x20 /usr/local/arm/gcc-arm-none-eabi-4_9-2014q4/bin/../lib/gcc/arm-none-eabi/4.9.3/../../../../arm-none-eabi/lib/armv7-m/libg_nano.a(lib_a-sbrkr.o)
                0x080050f0                _sbrk_r
 .text.__sread  0x08005110       0x22 /usr/local/arm/gcc-arm-none-eabi-4_9-2014q4/bin/../lib/gcc/arm-none-eabi/4.9.3/../../../../arm-none-eabi/lib/armv7-m/libg_nano.a(lib_a-stdio.o)
                0x08005110                __sread
 .text.__swrite
                0x08005132       0x38 /usr/local/arm/gcc-arm-none-eabi-4_9-2014q4/bin/../lib/gcc/arm-none-eabi/4.9.3/../../../../arm-none-eabi/lib/armv7-m/libg_nano.a(lib_a-stdio.o)
                0x08005132                __swrite
 .text.__sseek  0x0800516a       0x24 /usr/local/arm/gcc-arm-none-eabi-4_9-2014q4/bin/../lib/gcc/arm-none-eabi/4.9.3/../../../../arm-none-eabi/lib/armv7-m/libg_nano.a(lib_a-stdio.o)
                0x0800516a                __sseek
 .text.__sclose
                0x0800518e        0x8 /usr/local/arm/gcc-arm-none-eabi-4_9-2014q4/bin/../lib/gcc/arm-none-eabi/4.9.3/../../../../arm-none-eabi/lib/armv7-m/libg_nano.a(lib_a-stdio.o)
                0x0800518e                __sclose
 *fill*         0x08005196        0x2 
 .text.__swbuf_r
                0x08005198       0xa8 /usr/local/arm/gcc-arm-none-eabi-4_9-2014q4/bin/../lib/gcc/arm-none-eabi/4.9.3/../../../../arm-none-eabi/lib/armv7-m/libg_nano.a(lib_a-wbuf.o)
                0x08005198                __swbuf_r
 .text._write_r
                0x08005240       0x24 /usr/local/arm/gcc-arm-none-eabi-4_9-2014q4/bin/../lib/gcc/arm-none-eabi/4.9.3/../../../../arm-none-eabi/lib/armv7-m/libg_nano.a(lib_a-writer.o)
                0x08005240                _write_r
 .text.__swsetup_r
                0x08005264       0xd8 /usr/local/arm/gcc-arm-none-eabi-4_9-2014q4/bin/../lib/gcc/arm-none-eabi/4.9.3/../../../../arm-none-eabi/lib/armv7-m/libg_nano.a(lib_a-wsetup.o)
                0x08005264                __swsetup_r
 .text._close_r
                0x0800533c       0x20 /usr/local/arm/gcc-arm-none-eabi-4_9-2014q4/bin/../lib/gcc/arm-none-eabi/4.9.3/../../../../arm-none-eabi/lib/armv7-m/libg_nano.a(lib_a-closer.o)
                0x0800533c                _close_r
 .text.__sflush_r
                0x0800535c      0x106 /usr/local/arm/gcc-arm-none-eabi-4_9-2014q4/bin/../lib/gcc/arm-none-eabi/4.9.3/../../../../arm-none-eabi/lib/armv7-m/libg_nano.a(lib_a-fflush.o)
                0x0800535c                __sflush_r
 *fill*         0x08005462        0x2 
 .text._fflush_r
                0x08005464       0x54 /usr/local/arm/gcc-arm-none-eabi-4_9-2014q4/bin/../lib/gcc/arm-none-eabi/4.9.3/../../../../arm-none-eabi/lib/armv7-m/libg_nano.a(lib_a-fflush.o)
                0x08005464                _fflush_r
 .text._lseek_r
                0x080054b8       0x24 /usr/local/arm/gcc-arm-none-eabi-4_9-2014q4/bin/../lib/gcc/arm-none-eabi/4.9.3/../../../../arm-none-eabi/lib/armv7-m/libg_nano.a(lib_a-lseekr.o)
                0x080054b8                _lseek_r
 .text.__smakebuf_r
                0x080054dc       0x98 /usr/local/arm/gcc-arm-none-eabi-4_9-2014q4/bin/../lib/gcc/arm-none-eabi/4.9.3/../../../../arm-none-eabi/lib/armv7-m/libg_nano.a(lib_a-makebuf.o)
                0x080054dc                __smakebuf_r
 .text.memchr   0x08005574       0x1c /usr/local/arm/gcc-arm-none-eabi-4_9-2014q4/bin/../lib/gcc/arm-none-eabi/4.9.3/../../../../arm-none-eabi/lib/armv7-m/libg_nano.a(lib_a-memchr.o)
                0x08005574                memchr
 .text.memmove  0x08005590       0x36 /usr/local/arm/gcc-arm-none-eabi-4_9-2014q4/bin/../lib/gcc/arm-none-eabi/4.9.3/../../../../arm-none-eabi/lib/armv7-m/libg_nano.a(lib_a-memmove.o)
                0x08005590                memmove
 .text._realloc_r
                0x080055c6       0x4c /usr/local/arm/gcc-arm-none-eabi-4_9-2014q4/bin/../lib/gcc/arm-none-eabi/4.9.3/../../../../arm-none-eabi/lib/armv7-m/libg_nano.a(lib_a-nano-reallocr.o)
                0x080055c6                _realloc_r
 *fill*         0x08005612        0x2 
 .text._read_r  0x08005614       0x24 /usr/local/arm/gcc-arm-none-eabi-4_9-2014q4/bin/../lib/gcc/arm-none-eabi/4.9.3/../../../../arm-none-eabi/lib/armv7-m/libg_nano.a(lib_a-readr.o)
                0x08005614                _read_r
 .text._fstat_r
                0x08005638       0x24 /usr/local/arm/gcc-arm-none-eabi-4_9-2014q4/bin/../lib/gcc/arm-none-eabi/4.9.3/../../../../arm-none-eabi/lib/armv7-m/libg_nano.a(lib_a-fstatr.o)
                0x08005638                _fstat_r
 .text._isatty_r
                0x0800565c       0x20 /usr/local/arm/gcc-arm-none-eabi-4_9-2014q4/bin/../lib/gcc/arm-none-eabi/4.9.3/../../../../arm-none-eabi/lib/armv7-m/libg_nano.a(lib_a-isattyr.o)
                0x0800565c                _isatty_r
 .text._malloc_usable_size_r
                0x0800567c       0x14 /usr/local/arm/gcc-arm-none-eabi-4_9-2014q4/bin/../lib/gcc/arm-none-eabi/4.9.3/../../../../arm-none-eabi/lib/armv7-m/libg_nano.a(lib_a-nano-msizer.o)
                0x0800567c                _malloc_usable_size_r
 *(.rodata .rodata.*)
 .rodata.str1.4
                0x08005690       0x27 ./system/src/stm32f1-stdperiph/misc.o
                                 0x28 (size before relaxing)
 *fill*         0x080056b7        0x1 
 .rodata.str1.4
                0x080056b8       0x32 ./system/src/stm32f1-stdperiph/stm32f10x_flash.o
                                 0x34 (size before relaxing)
 *fill*         0x080056ea        0x2 
 .rodata.str1.4
                0x080056ec       0x31 ./system/src/stm32f1-stdperiph/stm32f10x_gpio.o
                                 0x34 (size before relaxing)
 *fill*         0x0800571d        0x3 
 .rodata.str1.4
                0x08005720       0x30 ./system/src/stm32f1-stdperiph/stm32f10x_rcc.o
 .rodata.str1.4
                0x08005750       0x30 ./system/src/stm32f1-stdperiph/stm32f10x_spi.o
 .rodata.str1.4
                0x08005780       0x30 ./system/src/stm32f1-stdperiph/stm32f10x_tim.o
 .rodata.str1.4
                0x080057b0       0x32 ./system/src/stm32f1-stdperiph/stm32f10x_usart.o
                                 0x34 (size before relaxing)
 *fill*         0x080057e2        0x2 
 .rodata.str1.4
                0x080057e4       0x6e ./src/PlatformHandler/flashHandler.o
                                 0x70 (size before relaxing)
 *fill*         0x08005852        0x2 
 .rodata.GPIO_CLK
                0x08005854       0x10 ./src/PlatformHandler/gpioHandler.o
                0x08005854                GPIO_CLK
 .rodata.GPIO_PIN
                0x08005864        0x8 ./src/PlatformHandler/gpioHandler.o
                0x08005864                GPIO_PIN
 .rodata        0x0800586c       0x10 ./src/PlatformHandler/spiHandler.o
 .rodata.str1.4
                0x0800587c       0x1c ./src/PlatformHandler/spiHandler.o
 .rodata.str1.4
                0x08005898       0x12 ./src/Internet/TFTP/tftp.o
                                 0x14 (size before relaxing)
 *fill*         0x080058aa        0x2 
 .rodata        0x080058ac       0x28 ./src/Configuration/ConfigData.o
 .rodata.str1.4
                0x080058d4       0x94 ./src/Configuration/ConfigData.o
 .rodata.str1.1
                0x08005968        0x2 /usr/local/arm/gcc-arm-none-eabi-4_9-2014q4/bin/../lib/gcc/arm-none-eabi/4.9.3/../../../../arm-none-eabi/lib/armv7-m/libg_nano.a(lib_a-impure.o)
 *fill*         0x0800596a        0x2 
 .rodata._global_impure_ptr
                0x0800596c        0x4 /usr/local/arm/gcc-arm-none-eabi-4_9-2014q4/bin/../lib/gcc/arm-none-eabi/4.9.3/../../../../arm-none-eabi/lib/armv7-m/libg_nano.a(lib_a-impure.o)
                0x0800596c                _global_impure_ptr
 .rodata.__sf_fake_stdin
                0x08005970       0x20 /usr/local/arm/gcc-arm-none-eabi-4_9-2014q4/bin/../lib/gcc/arm-none-eabi/4.9.3/../../../../arm-none-eabi/lib/armv7-m/libg_nano.a(lib_a-findfp.o)
                0x08005970                __sf_fake_stdin
 .rodata.__sf_fake_stdout
                0x08005990       0x20 /usr/local/arm/gcc-arm-none-eabi-4_9-2014q4/bin/../lib/gcc/arm-none-eabi/4.9.3/../../../../arm-none-eabi/lib/armv7-m/libg_nano.a(lib_a-findfp.o)
                0x08005990                __sf_fake_stdout
 .rodata.__sf_fake_stderr
                0x080059b0       0x20 /usr/local/arm/gcc-arm-none-eabi-4_9-2014q4/bin/../lib/gcc/arm-none-eabi/4.9.3/../../../../arm-none-eabi/lib/armv7-m/libg_nano.a(lib_a-findfp.o)
                0x080059b0                __sf_fake_stderr
 .rodata.str1.1
                0x080059d0       0x11 /usr/local/arm/gcc-arm-none-eabi-4_9-2014q4/bin/../lib/gcc/arm-none-eabi/4.9.3/../../../../arm-none-eabi/lib/armv7-m/libg_nano.a(lib_a-nano-svfprintf.o)
 .rodata.str1.1
                0x00000000       0x11 /usr/local/arm/gcc-arm-none-eabi-4_9-2014q4/bin/../lib/gcc/arm-none-eabi/4.9.3/../../../../arm-none-eabi/lib/armv7-m/libg_nano.a(lib_a-nano-vfprintf.o)
 .rodata.str1.1
                0x080059e1       0x22 /usr/local/arm/gcc-arm-none-eabi-4_9-2014q4/bin/../lib/gcc/arm-none-eabi/4.9.3/../../../../arm-none-eabi/lib/armv7-m/libg_nano.a(lib_a-nano-vfprintf_i.o)
 *(vtable)
 *(.eh_frame*)
 *fill*         0x08005a03        0x1 
 .eh_frame      0x08005a04       0x28 /usr/local/arm/gcc-arm-none-eabi-4_9-2014q4/bin/../lib/gcc/arm-none-eabi/4.9.3/../../../../arm-none-eabi/lib/armv7-m/libg_nano.a(lib_a-strcmp.o)
 *(.glue_7)
 .glue_7        0x00000000        0x0 linker stubs
 *(.glue_7t)
 .glue_7t       0x00000000        0x0 linker stubs

.vfp11_veneer   0x08005a2c        0x0
 .vfp11_veneer  0x00000000        0x0 linker stubs

.v4_bx          0x08005a2c        0x0
 .v4_bx         0x00000000        0x0 linker stubs

.iplt           0x08005a2c        0x0
 .iplt          0x00000000        0x0 ./system/src/stm32f1-stdperiph/misc.o

.rel.dyn        0x08005a2c        0x0
 .rel.iplt      0x00000000        0x0 ./system/src/stm32f1-stdperiph/misc.o

.ARM.extab
 *(.ARM.extab* .gnu.linkonce.armextab.*)
                0x08005a2c                __exidx_start = .

.ARM.exidx
 *(.ARM.exidx* .gnu.linkonce.armexidx.*)
                0x08005a2c                __exidx_end = .
                0x08005a2c                . = ALIGN (0x4)
                0x08005a2c                _etext = .
                0x08005a2c                __etext = .
                0x08005a2c                _sidata = _etext

.data           0x20000000       0xcc load address 0x08005a2c
                0x20000000                . = ALIGN (0x4)
                0x20000000                _sdata = .
                0x20000000                __data_start__ = .
 *(.data_begin .data_begin.*)
 .data_begin    0x20000000        0x4 ./system/src/newlib/_startup.o
 *(.data .data.*)
 .data.ADCPrescTable
                0x20000004        0x4 ./system/src/stm32f1-stdperiph/stm32f10x_rcc.o
 .data.APBAHBPrescTable
                0x20000008       0x10 ./system/src/stm32f1-stdperiph/stm32f10x_rcc.o
 .data.argv.4510
                0x20000018        0x8 ./system/src/newlib/_syscalls.o
 .data.g_write_point
                0x20000020        0x4 ./src/PlatformHandler/flashHandler.o
 .data.GPIO_PORT
                0x20000024       0x10 ./src/PlatformHandler/gpioHandler.o
                0x20000024                GPIO_PORT
 .data.g_tftp_socket
                0x20000034        0x4 ./src/Internet/TFTP/tftp.o
 .data.default_tftp_opt
                0x20000038        0x8 ./src/Internet/TFTP/tftp.o
 .data.sock_any_port
                0x20000040        0x2 ./src/Ethernet/socket.o
 *fill*         0x20000042        0x2 
 .data.WIZCHIP  0x20000044       0x20 ./src/Ethernet/wizchip_conf.o
                0x20000044                WIZCHIP
 .data.impure_data
                0x20000064       0x60 /usr/local/arm/gcc-arm-none-eabi-4_9-2014q4/bin/../lib/gcc/arm-none-eabi/4.9.3/../../../../arm-none-eabi/lib/armv7-m/libg_nano.a(lib_a-impure.o)
 .data._impure_ptr
                0x200000c4        0x4 /usr/local/arm/gcc-arm-none-eabi-4_9-2014q4/bin/../lib/gcc/arm-none-eabi/4.9.3/../../../../arm-none-eabi/lib/armv7-m/libg_nano.a(lib_a-impure.o)
                0x200000c4                _impure_ptr
 *(.data_end .data_end.*)
 .data_end      0x200000c8        0x4 ./system/src/newlib/_startup.o
                0x200000cc                . = ALIGN (0x4)
                0x200000cc                _edata = .
                0x200000cc                __data_end__ = .

.igot.plt       0x200000cc        0x0 load address 0x08005af8
 .igot.plt      0x00000000        0x0 ./system/src/stm32f1-stdperiph/misc.o

.bss            0x200000cc     0x1140 load address 0x08005af8
                0x200000cc                . = ALIGN (0x4)
                0x200000cc                __bss_start__ = .
                0x200000cc                _sbss = .
 *(.bss_begin .bss_begin.*)
 .bss_begin     0x200000cc        0x4 ./system/src/newlib/_startup.o
 *(.bss .bss.*)
 .bss.current_heap_end.4304
                0x200000d0        0x4 ./system/src/newlib/_sbrk.o
 .bss.name.4509
                0x200000d4        0x4 ./system/src/newlib/_syscalls.o
 .bss.cnt.7079  0x200000d8        0x4 ./src/PlatformHandler/flashHandler.o
 .bss.mill_sec  0x200000dc        0x4 ./src/PlatformHandler/timerHandler.o
 .bss.txbuff    0x200000e0      0x400 ./src/PlatformHandler/uartHandler.o
 .bss.rxbuff    0x200004e0      0x400 ./src/PlatformHandler/uartHandler.o
 .bss.g_server_ip
                0x200008e0        0x4 ./src/Internet/TFTP/tftp.o
 .bss.g_filename
                0x200008e4       0x14 ./src/Internet/TFTP/tftp.o
 .bss.g_tftp_rcv_buf
                0x200008f8        0x4 ./src/Internet/TFTP/tftp.o
 .bss.g_block_num
                0x200008fc        0x2 ./src/Internet/TFTP/tftp.o
 .bss.g_progress_state
                0x200008fe        0x1 ./src/Internet/TFTP/tftp.o
                0x200008fe                g_progress_state
 *fill*         0x200008ff        0x1 
 .bss.tftp_time_cnt
                0x20000900        0x4 ./src/Internet/TFTP/tftp.o
 .bss.g_server_port
                0x20000904        0x2 ./src/Internet/TFTP/tftp.o
 .bss.g_local_port
                0x20000906        0x2 ./src/Internet/TFTP/tftp.o
 .bss.g_tftp_state
                0x20000908        0x4 ./src/Internet/TFTP/tftp.o
 .bss.tftp_retry_cnt
                0x2000090c        0x4 ./src/Internet/TFTP/tftp.o
 .bss.g_resend_flag
                0x20000910        0x4 ./src/Internet/TFTP/tftp.o
 .bss.sock_io_mode
                0x20000914        0x2 ./src/Ethernet/socket.o
 .bss.sock_is_sending
                0x20000916        0x2 ./src/Ethernet/socket.o
 .bss.sock_pack_info
                0x20000918        0x8 ./src/Ethernet/socket.o
 .bss.sock_remained_size
                0x20000920       0x10 ./src/Ethernet/socket.o
 .bss._DHCP_    0x20000930        0x1 ./src/Ethernet/wizchip_conf.o
 *fill*         0x20000931        0x3 
 .bss._DNS_     0x20000934        0x4 ./src/Ethernet/wizchip_conf.o
 .bss.s2e_packet
                0x20000938       0x88 ./src/Configuration/ConfigData.o
 .bss.__malloc_sbrk_start
                0x200009c0        0x4 /usr/local/arm/gcc-arm-none-eabi-4_9-2014q4/bin/../lib/gcc/arm-none-eabi/4.9.3/../../../../arm-none-eabi/lib/armv7-m/libg_nano.a(lib_a-nano-mallocr.o)
                0x200009c0                __malloc_sbrk_start
 .bss.__malloc_free_list
                0x200009c4        0x4 /usr/local/arm/gcc-arm-none-eabi-4_9-2014q4/bin/../lib/gcc/arm-none-eabi/4.9.3/../../../../arm-none-eabi/lib/armv7-m/libg_nano.a(lib_a-nano-mallocr.o)
                0x200009c4                __malloc_free_list
 *(COMMON)
 COMMON         0x200009c8        0x4 ./system/src/newlib/_syscalls.o
                0x200009c8                errno
 COMMON         0x200009cc       0x14 ./src/PlatformHandler/flashHandler.o
                0x200009cc                flash
 COMMON         0x200009e0       0x28 ./src/PlatformHandler/uartHandler.o
                0x200009e0                txring1
                0x200009f4                rxring1
 COMMON         0x20000a08      0x800 ./src/main.o
                0x20000a08                socket_buf
 *(.bss_end .bss_end.*)
 .bss_end       0x20001208        0x4 ./system/src/newlib/_startup.o
                0x2000120c                . = ALIGN (0x4)
                0x2000120c                __bss_end__ = .
                0x2000120c                _ebss = .

.noinit         0x2000120c        0x0
                0x2000120c                . = ALIGN (0x4)
                0x2000120c                _noinit = .
 *(.noinit .noinit.*)
                0x2000120c                . = ALIGN (0x4)
                0x2000120c                _end_noinit = .
                0x2000120c                PROVIDE (end, _end_noinit)
                0x2000120c                PROVIDE (_end, _end_noinit)
                0x2000120c                PROVIDE (__end, _end_noinit)
                0x2000120c                PROVIDE (__end__, _end_noinit)

._check_stack   0x2000120c      0x100 load address 0x08006c38
                0x2000120c                . = ALIGN (0x4)
                0x2000130c                . = (. + _Minimum_Stack_Size)
 *fill*         0x2000120c      0x100 
                0x2000130c                . = ALIGN (0x4)

.bss_CCMRAM
 *(.bss.CCMRAM .bss.CCMRAM.*)

.b1text
 *(.b1text)
 *(.b1rodata)
 *(.b1rodata.*)

.eb0text
 *(.eb0text)
 *(.eb0rodata)
 *(.eb0rodata.*)

.eb1text
 *(.eb1text)
 *(.eb1rodata)
 *(.eb1rodata.*)

.eb2text
 *(.eb2text)
 *(.eb2rodata)
 *(.eb2rodata.*)

.eb3text
 *(.eb3text)
 *(.eb3rodata)
 *(.eb3rodata.*)

.stab
 *(.stab)

.stabstr
 *(.stabstr)

.stab.excl
 *(.stab.excl)

.stab.exclstr
 *(.stab.exclstr)

.stab.index
 *(.stab.index)

.stab.indexstr
 *(.stab.indexstr)

.comment        0x00000000       0x70
 *(.comment)
 .comment       0x00000000       0x70 ./system/src/stm32f1-stdperiph/misc.o
                                 0x71 (size before relaxing)
 .comment       0x00000000       0x71 ./system/src/stm32f1-stdperiph/stm32f10x_flash.o
 .comment       0x00000000       0x71 ./system/src/stm32f1-stdperiph/stm32f10x_gpio.o
 .comment       0x00000000       0x71 ./system/src/stm32f1-stdperiph/stm32f10x_rcc.o
 .comment       0x00000000       0x71 ./system/src/stm32f1-stdperiph/stm32f10x_spi.o
 .comment       0x00000000       0x71 ./system/src/stm32f1-stdperiph/stm32f10x_tim.o
 .comment       0x00000000       0x71 ./system/src/stm32f1-stdperiph/stm32f10x_usart.o
 .comment       0x00000000       0x71 ./system/src/newlib/_exit.o
 .comment       0x00000000       0x71 ./system/src/newlib/_sbrk.o
 .comment       0x00000000       0x71 ./system/src/newlib/_startup.o
 .comment       0x00000000       0x71 ./system/src/newlib/_syscalls.o
 .comment       0x00000000       0x71 ./system/src/newlib/_write.o
 .comment       0x00000000       0x71 ./system/src/newlib/assert.o
 .comment       0x00000000       0x71 ./system/src/cortexm/_initialize_hardware.o
 .comment       0x00000000       0x71 ./system/src/cortexm/exception_handlers.o
 .comment       0x00000000       0x71 ./system/src/cmsis/system_stm32f10x.o
 .comment       0x00000000       0x71 ./system/src/cmsis/vectors_stm32f10x.o
 .comment       0x00000000       0x71 ./src/netutil/netutil.o
 .comment       0x00000000       0x71 ./src/PlatformHandler/flashHandler.o
 .comment       0x00000000       0x71 ./src/PlatformHandler/gpioHandler.o
 .comment       0x00000000       0x71 ./src/PlatformHandler/rccHandler.o
 .comment       0x00000000       0x71 ./src/PlatformHandler/ring_buffer.o
 .comment       0x00000000       0x71 ./src/PlatformHandler/spiHandler.o
 .comment       0x00000000       0x71 ./src/PlatformHandler/storageHandler.o
 .comment       0x00000000       0x71 ./src/PlatformHandler/timerHandler.o
 .comment       0x00000000       0x71 ./src/PlatformHandler/uartHandler.o
 .comment       0x00000000       0x71 ./src/Internet/TFTP/tftp.o
 .comment       0x00000000       0x71 ./src/Ethernet/W5500/w5500.o
 .comment       0x00000000       0x71 ./src/Ethernet/socket.o
 .comment       0x00000000       0x71 ./src/Ethernet/wizchip_conf.o
 .comment       0x00000000       0x71 ./src/Configuration/ConfigData.o
 .comment       0x00000000       0x71 ./src/Configuration/ConfigMessage.o
 .comment       0x00000000       0x71 ./src/main.o

.ARM.attributes
                0x00000000       0x31
 .ARM.attributes
                0x00000000       0x33 ./system/src/stm32f1-stdperiph/misc.o
 .ARM.attributes
                0x00000033       0x33 ./system/src/stm32f1-stdperiph/stm32f10x_flash.o
 .ARM.attributes
                0x00000066       0x33 ./system/src/stm32f1-stdperiph/stm32f10x_gpio.o
 .ARM.attributes
                0x00000099       0x33 ./system/src/stm32f1-stdperiph/stm32f10x_rcc.o
 .ARM.attributes
                0x000000cc       0x33 ./system/src/stm32f1-stdperiph/stm32f10x_spi.o
 .ARM.attributes
                0x000000ff       0x33 ./system/src/stm32f1-stdperiph/stm32f10x_tim.o
 .ARM.attributes
                0x00000132       0x33 ./system/src/stm32f1-stdperiph/stm32f10x_usart.o
 .ARM.attributes
                0x00000165       0x33 ./system/src/newlib/_exit.o
 .ARM.attributes
                0x00000198       0x33 ./system/src/newlib/_sbrk.o
 .ARM.attributes
                0x000001cb       0x33 ./system/src/newlib/_startup.o
 .ARM.attributes
                0x000001fe       0x33 ./system/src/newlib/_syscalls.o
 .ARM.attributes
                0x00000231       0x33 ./system/src/newlib/_write.o
 .ARM.attributes
                0x00000264       0x33 ./system/src/newlib/assert.o
 .ARM.attributes
                0x00000297       0x33 ./system/src/cortexm/_initialize_hardware.o
 .ARM.attributes
                0x000002ca       0x33 ./system/src/cortexm/exception_handlers.o
 .ARM.attributes
                0x000002fd       0x33 ./system/src/cmsis/system_stm32f10x.o
 .ARM.attributes
                0x00000330       0x33 ./system/src/cmsis/vectors_stm32f10x.o
 .ARM.attributes
                0x00000363       0x33 ./src/netutil/netutil.o
 .ARM.attributes
                0x00000396       0x33 ./src/PlatformHandler/flashHandler.o
 .ARM.attributes
                0x000003c9       0x33 ./src/PlatformHandler/gpioHandler.o
 .ARM.attributes
                0x000003fc       0x33 ./src/PlatformHandler/rccHandler.o
 .ARM.attributes
                0x0000042f       0x33 ./src/PlatformHandler/ring_buffer.o
 .ARM.attributes
                0x00000462       0x33 ./src/PlatformHandler/spiHandler.o
 .ARM.attributes
                0x00000495       0x33 ./src/PlatformHandler/storageHandler.o
 .ARM.attributes
                0x000004c8       0x33 ./src/PlatformHandler/timerHandler.o
 .ARM.attributes
                0x000004fb       0x33 ./src/PlatformHandler/uartHandler.o
 .ARM.attributes
                0x0000052e       0x33 ./src/Internet/TFTP/tftp.o
 .ARM.attributes
                0x00000561       0x33 ./src/Ethernet/W5500/w5500.o
 .ARM.attributes
                0x00000594       0x33 ./src/Ethernet/socket.o
 .ARM.attributes
                0x000005c7       0x33 ./src/Ethernet/wizchip_conf.o
 .ARM.attributes
                0x000005fa       0x33 ./src/Configuration/ConfigData.o
 .ARM.attributes
                0x0000062d       0x33 ./src/Configuration/ConfigMessage.o
 .ARM.attributes
                0x00000660       0x33 ./src/main.o
 .ARM.attributes
                0x00000693       0x2d /usr/local/arm/gcc-arm-none-eabi-4_9-2014q4/bin/../lib/gcc/arm-none-eabi/4.9.3/../../../../arm-none-eabi/lib/armv7-m/libg_nano.a(lib_a-errno.o)
 .ARM.attributes
                0x000006c0       0x2d /usr/local/arm/gcc-arm-none-eabi-4_9-2014q4/bin/../lib/gcc/arm-none-eabi/4.9.3/../../../../arm-none-eabi/lib/armv7-m/libg_nano.a(lib_a-impure.o)
 .ARM.attributes
                0x000006ed       0x2d /usr/local/arm/gcc-arm-none-eabi-4_9-2014q4/bin/../lib/gcc/arm-none-eabi/4.9.3/../../../../arm-none-eabi/lib/armv7-m/libg_nano.a(lib_a-memcmp.o)
 .ARM.attributes
                0x0000071a       0x2d /usr/local/arm/gcc-arm-none-eabi-4_9-2014q4/bin/../lib/gcc/arm-none-eabi/4.9.3/../../../../arm-none-eabi/lib/armv7-m/libg_nano.a(lib_a-memcpy.o)
 .ARM.attributes
                0x00000747       0x2d /usr/local/arm/gcc-arm-none-eabi-4_9-2014q4/bin/../lib/gcc/arm-none-eabi/4.9.3/../../../../arm-none-eabi/lib/armv7-m/libg_nano.a(lib_a-memset.o)
 .ARM.attributes
                0x00000774       0x2d /usr/local/arm/gcc-arm-none-eabi-4_9-2014q4/bin/../lib/gcc/arm-none-eabi/4.9.3/../../../../arm-none-eabi/lib/armv7-m/libg_nano.a(lib_a-printf.o)
 .ARM.attributes
                0x000007a1       0x1b /usr/local/arm/gcc-arm-none-eabi-4_9-2014q4/bin/../lib/gcc/arm-none-eabi/4.9.3/../../../../arm-none-eabi/lib/armv7-m/libg_nano.a(lib_a-strcmp.o)
 .ARM.attributes
                0x000007bc       0x2d /usr/local/arm/gcc-arm-none-eabi-4_9-2014q4/bin/../lib/gcc/arm-none-eabi/4.9.3/../../../../arm-none-eabi/lib/armv7-m/libg_nano.a(lib_a-strcpy.o)
 .ARM.attributes
                0x000007e9       0x2d /usr/local/arm/gcc-arm-none-eabi-4_9-2014q4/bin/../lib/gcc/arm-none-eabi/4.9.3/../../../../arm-none-eabi/lib/armv7-m/libg_nano.a(lib_a-strlen.o)
 .ARM.attributes
                0x00000816       0x2d /usr/local/arm/gcc-arm-none-eabi-4_9-2014q4/bin/../lib/gcc/arm-none-eabi/4.9.3/../../../../arm-none-eabi/lib/armv7-m/libg_nano.a(lib_a-vsprintf.o)
 .ARM.attributes
                0x00000843       0x2d /usr/local/arm/gcc-arm-none-eabi-4_9-2014q4/bin/../lib/gcc/arm-none-eabi/4.9.3/../../../../arm-none-eabi/lib/armv7-m/libg_nano.a(lib_a-findfp.o)
 .ARM.attributes
                0x00000870       0x2d /usr/local/arm/gcc-arm-none-eabi-4_9-2014q4/bin/../lib/gcc/arm-none-eabi/4.9.3/../../../../arm-none-eabi/lib/armv7-m/libg_nano.a(lib_a-fwalk.o)
 .ARM.attributes
                0x0000089d       0x2d /usr/local/arm/gcc-arm-none-eabi-4_9-2014q4/bin/../lib/gcc/arm-none-eabi/4.9.3/../../../../arm-none-eabi/lib/armv7-m/libg_nano.a(lib_a-nano-freer.o)
 .ARM.attributes
                0x000008ca       0x2d /usr/local/arm/gcc-arm-none-eabi-4_9-2014q4/bin/../lib/gcc/arm-none-eabi/4.9.3/../../../../arm-none-eabi/lib/armv7-m/libg_nano.a(lib_a-nano-mallocr.o)
 .ARM.attributes
                0x000008f7       0x2d /usr/local/arm/gcc-arm-none-eabi-4_9-2014q4/bin/../lib/gcc/arm-none-eabi/4.9.3/../../../../arm-none-eabi/lib/armv7-m/libg_nano.a(lib_a-nano-svfprintf.o)
 .ARM.attributes
                0x00000924       0x2d /usr/local/arm/gcc-arm-none-eabi-4_9-2014q4/bin/../lib/gcc/arm-none-eabi/4.9.3/../../../../arm-none-eabi/lib/armv7-m/libg_nano.a(lib_a-nano-vfprintf.o)
 .ARM.attributes
                0x00000951       0x2d /usr/local/arm/gcc-arm-none-eabi-4_9-2014q4/bin/../lib/gcc/arm-none-eabi/4.9.3/../../../../arm-none-eabi/lib/armv7-m/libg_nano.a(lib_a-nano-vfprintf_i.o)
 .ARM.attributes
                0x0000097e       0x2d /usr/local/arm/gcc-arm-none-eabi-4_9-2014q4/bin/../lib/gcc/arm-none-eabi/4.9.3/../../../../arm-none-eabi/lib/armv7-m/libg_nano.a(lib_a-sbrkr.o)
 .ARM.attributes
                0x000009ab       0x2d /usr/local/arm/gcc-arm-none-eabi-4_9-2014q4/bin/../lib/gcc/arm-none-eabi/4.9.3/../../../../arm-none-eabi/lib/armv7-m/libg_nano.a(lib_a-stdio.o)
 .ARM.attributes
                0x000009d8       0x2d /usr/local/arm/gcc-arm-none-eabi-4_9-2014q4/bin/../lib/gcc/arm-none-eabi/4.9.3/../../../../arm-none-eabi/lib/armv7-m/libg_nano.a(lib_a-wbuf.o)
 .ARM.attributes
                0x00000a05       0x2d /usr/local/arm/gcc-arm-none-eabi-4_9-2014q4/bin/../lib/gcc/arm-none-eabi/4.9.3/../../../../arm-none-eabi/lib/armv7-m/libg_nano.a(lib_a-writer.o)
 .ARM.attributes
                0x00000a32       0x2d /usr/local/arm/gcc-arm-none-eabi-4_9-2014q4/bin/../lib/gcc/arm-none-eabi/4.9.3/../../../../arm-none-eabi/lib/armv7-m/libg_nano.a(lib_a-wsetup.o)
 .ARM.attributes
                0x00000a5f       0x2d /usr/local/arm/gcc-arm-none-eabi-4_9-2014q4/bin/../lib/gcc/arm-none-eabi/4.9.3/../../../../arm-none-eabi/lib/armv7-m/libg_nano.a(lib_a-closer.o)
 .ARM.attributes
                0x00000a8c       0x2d /usr/local/arm/gcc-arm-none-eabi-4_9-2014q4/bin/../lib/gcc/arm-none-eabi/4.9.3/../../../../arm-none-eabi/lib/armv7-m/libg_nano.a(lib_a-fflush.o)
 .ARM.attributes
                0x00000ab9       0x2d /usr/local/arm/gcc-arm-none-eabi-4_9-2014q4/bin/../lib/gcc/arm-none-eabi/4.9.3/../../../../arm-none-eabi/lib/armv7-m/libg_nano.a(lib_a-lseekr.o)
 .ARM.attributes
                0x00000ae6       0x2d /usr/local/arm/gcc-arm-none-eabi-4_9-2014q4/bin/../lib/gcc/arm-none-eabi/4.9.3/../../../../arm-none-eabi/lib/armv7-m/libg_nano.a(lib_a-makebuf.o)
 .ARM.attributes
                0x00000b13       0x2d /usr/local/arm/gcc-arm-none-eabi-4_9-2014q4/bin/../lib/gcc/arm-none-eabi/4.9.3/../../../../arm-none-eabi/lib/armv7-m/libg_nano.a(lib_a-memchr.o)
 .ARM.attributes
                0x00000b40       0x2d /usr/local/arm/gcc-arm-none-eabi-4_9-2014q4/bin/../lib/gcc/arm-none-eabi/4.9.3/../../../../arm-none-eabi/lib/armv7-m/libg_nano.a(lib_a-memmove.o)
 .ARM.attributes
                0x00000b6d       0x2d /usr/local/arm/gcc-arm-none-eabi-4_9-2014q4/bin/../lib/gcc/arm-none-eabi/4.9.3/../../../../arm-none-eabi/lib/armv7-m/libg_nano.a(lib_a-nano-reallocr.o)
 .ARM.attributes
                0x00000b9a       0x2d /usr/local/arm/gcc-arm-none-eabi-4_9-2014q4/bin/../lib/gcc/arm-none-eabi/4.9.3/../../../../arm-none-eabi/lib/armv7-m/libg_nano.a(lib_a-readr.o)
 .ARM.attributes
                0x00000bc7       0x2d /usr/local/arm/gcc-arm-none-eabi-4_9-2014q4/bin/../lib/gcc/arm-none-eabi/4.9.3/../../../../arm-none-eabi/lib/armv7-m/libg_nano.a(lib_a-fstatr.o)
 .ARM.attributes
                0x00000bf4       0x2d /usr/local/arm/gcc-arm-none-eabi-4_9-2014q4/bin/../lib/gcc/arm-none-eabi/4.9.3/../../../../arm-none-eabi/lib/armv7-m/libg_nano.a(lib_a-isattyr.o)
 .ARM.attributes
                0x00000c21       0x2d /usr/local/arm/gcc-arm-none-eabi-4_9-2014q4/bin/../lib/gcc/arm-none-eabi/4.9.3/../../../../arm-none-eabi/lib/armv7-m/libg_nano.a(lib_a-nano-msizer.o)

.debug
 *(.debug)

.line
 *(.line)

.debug_srcinfo
 *(.debug_srcinfo)

.debug_sfnames
 *(.debug_sfnames)

.debug_aranges  0x00000000     0x1078
 *(.debug_aranges)
 .debug_aranges
                0x00000000       0x40 ./system/src/stm32f1-stdperiph/misc.o
 .debug_aranges
                0x00000040       0xf8 ./system/src/stm32f1-stdperiph/stm32f10x_flash.o
 .debug_aranges
                0x00000138       0xa8 ./system/src/stm32f1-stdperiph/stm32f10x_gpio.o
 .debug_aranges
                0x000001e0      0x118 ./system/src/stm32f1-stdperiph/stm32f10x_rcc.o
 .debug_aranges
                0x000002f8       0xd0 ./system/src/stm32f1-stdperiph/stm32f10x_spi.o
 .debug_aranges
                0x000003c8      0x2f0 ./system/src/stm32f1-stdperiph/stm32f10x_tim.o
 .debug_aranges
                0x000006b8      0x100 ./system/src/stm32f1-stdperiph/stm32f10x_usart.o
 .debug_aranges
                0x000007b8       0x28 ./system/src/newlib/_exit.o
 .debug_aranges
                0x000007e0       0x20 ./system/src/newlib/_sbrk.o
 .debug_aranges
                0x00000800       0x40 ./system/src/newlib/_startup.o
 .debug_aranges
                0x00000840       0xd0 ./system/src/newlib/_syscalls.o
 .debug_aranges
                0x00000910       0x20 ./system/src/newlib/_write.o
 .debug_aranges
                0x00000930       0x28 ./system/src/newlib/assert.o
 .debug_aranges
                0x00000958       0x20 ./system/src/cortexm/_initialize_hardware.o
 .debug_aranges
                0x00000978       0x68 ./system/src/cortexm/exception_handlers.o
 .debug_aranges
                0x000009e0       0x38 ./system/src/cmsis/system_stm32f10x.o
 .debug_aranges
                0x00000a18       0x20 ./system/src/cmsis/vectors_stm32f10x.o
 .debug_aranges
                0x00000a38       0x60 ./src/netutil/netutil.o
 .debug_aranges
                0x00000a98       0x48 ./src/PlatformHandler/flashHandler.o
 .debug_aranges
                0x00000ae0       0x40 ./src/PlatformHandler/gpioHandler.o
 .debug_aranges
                0x00000b20       0x20 ./src/PlatformHandler/rccHandler.o
 .debug_aranges
                0x00000b40       0x40 ./src/PlatformHandler/ring_buffer.o
 .debug_aranges
                0x00000b80       0x58 ./src/PlatformHandler/spiHandler.o
 .debug_aranges
                0x00000bd8       0x28 ./src/PlatformHandler/storageHandler.o
 .debug_aranges
                0x00000c00       0x28 ./src/PlatformHandler/timerHandler.o
 .debug_aranges
                0x00000c28       0x68 ./src/PlatformHandler/uartHandler.o
 .debug_aranges
                0x00000c90       0xb0 ./src/Internet/TFTP/tftp.o
 .debug_aranges
                0x00000d40       0x60 ./src/Ethernet/W5500/w5500.o
 .debug_aranges
                0x00000da0       0x78 ./src/Ethernet/socket.o
 .debug_aranges
                0x00000e18      0x120 ./src/Ethernet/wizchip_conf.o
 .debug_aranges
                0x00000f38       0xa0 ./src/Configuration/ConfigData.o
 .debug_aranges
                0x00000fd8       0x70 ./src/Configuration/ConfigMessage.o
 .debug_aranges
                0x00001048       0x30 ./src/main.o

.debug_pubnames
 *(.debug_pubnames)

.debug_info     0x00000000    0x14297
 *(.debug_info .gnu.linkonce.wi.*)
 .debug_info    0x00000000      0x65c ./system/src/stm32f1-stdperiph/misc.o
 .debug_info    0x0000065c      0xbf0 ./system/src/stm32f1-stdperiph/stm32f10x_flash.o
 .debug_info    0x0000124c      0xc00 ./system/src/stm32f1-stdperiph/stm32f10x_gpio.o
 .debug_info    0x00001e4c      0xc97 ./system/src/stm32f1-stdperiph/stm32f10x_rcc.o
 .debug_info    0x00002ae3      0xff5 ./system/src/stm32f1-stdperiph/stm32f10x_spi.o
 .debug_info    0x00003ad8     0x396f ./system/src/stm32f1-stdperiph/stm32f10x_tim.o
 .debug_info    0x00007447     0x12d7 ./system/src/stm32f1-stdperiph/stm32f10x_usart.o
 .debug_info    0x0000871e       0xee ./system/src/newlib/_exit.o
 .debug_info    0x0000880c      0x125 ./system/src/newlib/_sbrk.o
 .debug_info    0x00008931      0x469 ./system/src/newlib/_startup.o
 .debug_info    0x00008d9a      0x8f3 ./system/src/newlib/_syscalls.o
 .debug_info    0x0000968d      0x111 ./system/src/newlib/_write.o
 .debug_info    0x0000979e      0x17e ./system/src/newlib/assert.o
 .debug_info    0x0000991c       0xc4 ./system/src/cortexm/_initialize_hardware.o
 .debug_info    0x000099e0       0xe9 ./system/src/cortexm/exception_handlers.o
 .debug_info    0x00009ac9      0x4a0 ./system/src/cmsis/system_stm32f10x.o
 .debug_info    0x00009f69       0x92 ./system/src/cmsis/vectors_stm32f10x.o
 .debug_info    0x00009ffb      0x4bb ./src/netutil/netutil.o
 .debug_info    0x0000a4b6      0x591 ./src/PlatformHandler/flashHandler.o
 .debug_info    0x0000aa47      0x449 ./src/PlatformHandler/gpioHandler.o
 .debug_info    0x0000ae90      0x38b ./src/PlatformHandler/rccHandler.o
 .debug_info    0x0000b21b      0x4bc ./src/PlatformHandler/ring_buffer.o
 .debug_info    0x0000b6d7      0x8f3 ./src/PlatformHandler/spiHandler.o
 .debug_info    0x0000bfca      0x2a9 ./src/PlatformHandler/storageHandler.o
 .debug_info    0x0000c273      0x758 ./src/PlatformHandler/timerHandler.o
 .debug_info    0x0000c9cb      0xf66 ./src/PlatformHandler/uartHandler.o
 .debug_info    0x0000d931     0x106d ./src/Internet/TFTP/tftp.o
 .debug_info    0x0000e99e      0x7d1 ./src/Ethernet/W5500/w5500.o
 .debug_info    0x0000f16f     0x1189 ./src/Ethernet/socket.o
 .debug_info    0x000102f8     0x1180 ./src/Ethernet/wizchip_conf.o
 .debug_info    0x00011478      0xb95 ./src/Configuration/ConfigData.o
 .debug_info    0x0001200d     0x1c23 ./src/Configuration/ConfigMessage.o
 .debug_info    0x00013c30      0x667 ./src/main.o

.debug_abbrev   0x00000000     0x36b3
 *(.debug_abbrev)
 .debug_abbrev  0x00000000      0x188 ./system/src/stm32f1-stdperiph/misc.o
 .debug_abbrev  0x00000188      0x1c6 ./system/src/stm32f1-stdperiph/stm32f10x_flash.o
 .debug_abbrev  0x0000034e      0x1f9 ./system/src/stm32f1-stdperiph/stm32f10x_gpio.o
 .debug_abbrev  0x00000547      0x1ff ./system/src/stm32f1-stdperiph/stm32f10x_rcc.o
 .debug_abbrev  0x00000746      0x1d8 ./system/src/stm32f1-stdperiph/stm32f10x_spi.o
 .debug_abbrev  0x0000091e      0x1f2 ./system/src/stm32f1-stdperiph/stm32f10x_tim.o
 .debug_abbrev  0x00000b10      0x1d6 ./system/src/stm32f1-stdperiph/stm32f10x_usart.o
 .debug_abbrev  0x00000ce6       0xb7 ./system/src/newlib/_exit.o
 .debug_abbrev  0x00000d9d       0xbb ./system/src/newlib/_sbrk.o
 .debug_abbrev  0x00000e58      0x1da ./system/src/newlib/_startup.o
 .debug_abbrev  0x00001032      0x178 ./system/src/newlib/_syscalls.o
 .debug_abbrev  0x000011aa       0xa2 ./system/src/newlib/_write.o
 .debug_abbrev  0x0000124c       0xb6 ./system/src/newlib/assert.o
 .debug_abbrev  0x00001302       0x88 ./system/src/cortexm/_initialize_hardware.o
 .debug_abbrev  0x0000138a       0x65 ./system/src/cortexm/exception_handlers.o
 .debug_abbrev  0x000013ef      0x157 ./system/src/cmsis/system_stm32f10x.o
 .debug_abbrev  0x00001546       0x92 ./system/src/cmsis/vectors_stm32f10x.o
 .debug_abbrev  0x000015d8      0x113 ./src/netutil/netutil.o
 .debug_abbrev  0x000016eb      0x1ef ./src/PlatformHandler/flashHandler.o
 .debug_abbrev  0x000018da      0x1bb ./src/PlatformHandler/gpioHandler.o
 .debug_abbrev  0x00001a95      0x13a ./src/PlatformHandler/rccHandler.o
 .debug_abbrev  0x00001bcf      0x162 ./src/PlatformHandler/ring_buffer.o
 .debug_abbrev  0x00001d31      0x20b ./src/PlatformHandler/spiHandler.o
 .debug_abbrev  0x00001f3c      0x13c ./src/PlatformHandler/storageHandler.o
 .debug_abbrev  0x00002078      0x1a6 ./src/PlatformHandler/timerHandler.o
 .debug_abbrev  0x0000221e      0x2cb ./src/PlatformHandler/uartHandler.o
 .debug_abbrev  0x000024e9      0x352 ./src/Internet/TFTP/tftp.o
 .debug_abbrev  0x0000283b      0x212 ./src/Ethernet/W5500/w5500.o
 .debug_abbrev  0x00002a4d      0x1c5 ./src/Ethernet/socket.o
 .debug_abbrev  0x00002c12      0x314 ./src/Ethernet/wizchip_conf.o
 .debug_abbrev  0x00002f26      0x270 ./src/Configuration/ConfigData.o
 .debug_abbrev  0x00003196      0x2e4 ./src/Configuration/ConfigMessage.o
 .debug_abbrev  0x0000347a      0x239 ./src/main.o

.debug_line     0x00000000     0xcca0
 *(.debug_line)
 .debug_line    0x00000000      0x4f0 ./system/src/stm32f1-stdperiph/misc.o
 .debug_line    0x000004f0      0x7b4 ./system/src/stm32f1-stdperiph/stm32f10x_flash.o
 .debug_line    0x00000ca4      0x9cd ./system/src/stm32f1-stdperiph/stm32f10x_gpio.o
 .debug_line    0x00001671      0x916 ./system/src/stm32f1-stdperiph/stm32f10x_rcc.o
 .debug_line    0x00001f87      0x96a ./system/src/stm32f1-stdperiph/stm32f10x_spi.o
 .debug_line    0x000028f1     0x261b ./system/src/stm32f1-stdperiph/stm32f10x_tim.o
 .debug_line    0x00004f0c      0xbb4 ./system/src/stm32f1-stdperiph/stm32f10x_usart.o
 .debug_line    0x00005ac0      0x28c ./system/src/newlib/_exit.o
 .debug_line    0x00005d4c      0x230 ./system/src/newlib/_sbrk.o
 .debug_line    0x00005f7c      0x2ff ./system/src/newlib/_startup.o
 .debug_line    0x0000627b      0x499 ./system/src/newlib/_syscalls.o
 .debug_line    0x00006714      0x26e ./system/src/newlib/_write.o
 .debug_line    0x00006982      0x2ba ./system/src/newlib/assert.o
 .debug_line    0x00006c3c      0x442 ./system/src/cortexm/_initialize_hardware.o
 .debug_line    0x0000707e       0xc4 ./system/src/cortexm/exception_handlers.o
 .debug_line    0x00007142      0x4b4 ./system/src/cmsis/system_stm32f10x.o
 .debug_line    0x000075f6       0x8e ./system/src/cmsis/vectors_stm32f10x.o
 .debug_line    0x00007684      0x366 ./src/netutil/netutil.o
 .debug_line    0x000079ea      0x666 ./src/PlatformHandler/flashHandler.o
 .debug_line    0x00008050      0x481 ./src/PlatformHandler/gpioHandler.o
 .debug_line    0x000084d1      0x44f ./src/PlatformHandler/rccHandler.o
 .debug_line    0x00008920      0x319 ./src/PlatformHandler/ring_buffer.o
 .debug_line    0x00008c39      0x5b1 ./src/PlatformHandler/spiHandler.o
 .debug_line    0x000091ea      0x4f5 ./src/PlatformHandler/storageHandler.o
 .debug_line    0x000096df      0x4e8 ./src/PlatformHandler/timerHandler.o
 .debug_line    0x00009bc7      0x605 ./src/PlatformHandler/uartHandler.o
 .debug_line    0x0000a1cc      0x60d ./src/Internet/TFTP/tftp.o
 .debug_line    0x0000a7d9      0x362 ./src/Ethernet/W5500/w5500.o
 .debug_line    0x0000ab3b      0x5fc ./src/Ethernet/socket.o
 .debug_line    0x0000b137      0x5f0 ./src/Ethernet/wizchip_conf.o
 .debug_line    0x0000b727      0x5b7 ./src/Configuration/ConfigData.o
 .debug_line    0x0000bcde      0x800 ./src/Configuration/ConfigMessage.o
 .debug_line    0x0000c4de      0x7c2 ./src/main.o

.debug_frame    0x00000000     0x36b4
 *(.debug_frame)
 .debug_frame   0x00000000       0x90 ./system/src/stm32f1-stdperiph/misc.o
 .debug_frame   0x00000090      0x284 ./system/src/stm32f1-stdperiph/stm32f10x_flash.o
 .debug_frame   0x00000314      0x1e8 ./system/src/stm32f1-stdperiph/stm32f10x_gpio.o
 .debug_frame   0x000004fc      0x31c ./system/src/stm32f1-stdperiph/stm32f10x_rcc.o
 .debug_frame   0x00000818      0x278 ./system/src/stm32f1-stdperiph/stm32f10x_spi.o
 .debug_frame   0x00000a90      0x9ec ./system/src/stm32f1-stdperiph/stm32f10x_tim.o
 .debug_frame   0x0000147c      0x31c ./system/src/stm32f1-stdperiph/stm32f10x_usart.o
 .debug_frame   0x00001798       0x38 ./system/src/newlib/_exit.o
 .debug_frame   0x000017d0       0x28 ./system/src/newlib/_sbrk.o
 .debug_frame   0x000017f8       0x7c ./system/src/newlib/_startup.o
 .debug_frame   0x00001874      0x230 ./system/src/newlib/_syscalls.o
 .debug_frame   0x00001aa4       0x28 ./system/src/newlib/_write.o
 .debug_frame   0x00001acc       0x40 ./system/src/newlib/assert.o
 .debug_frame   0x00001b0c       0x28 ./system/src/cortexm/_initialize_hardware.o
 .debug_frame   0x00001b34       0xb8 ./system/src/cortexm/exception_handlers.o
 .debug_frame   0x00001bec       0x68 ./system/src/cmsis/system_stm32f10x.o
 .debug_frame   0x00001c54       0x20 ./system/src/cmsis/vectors_stm32f10x.o
 .debug_frame   0x00001c74       0xf0 ./src/netutil/netutil.o
 .debug_frame   0x00001d64       0xa8 ./src/PlatformHandler/flashHandler.o
 .debug_frame   0x00001e0c       0x88 ./src/PlatformHandler/gpioHandler.o
 .debug_frame   0x00001e94       0x28 ./src/PlatformHandler/rccHandler.o
 .debug_frame   0x00001ebc       0x98 ./src/PlatformHandler/ring_buffer.o
 .debug_frame   0x00001f54       0xe0 ./src/PlatformHandler/spiHandler.o
 .debug_frame   0x00002034       0x44 ./src/PlatformHandler/storageHandler.o
 .debug_frame   0x00002078       0x48 ./src/PlatformHandler/timerHandler.o
 .debug_frame   0x000020c0      0x14c ./src/PlatformHandler/uartHandler.o
 .debug_frame   0x0000220c      0x208 ./src/Internet/TFTP/tftp.o
 .debug_frame   0x00002414      0x14c ./src/Ethernet/W5500/w5500.o
 .debug_frame   0x00002560      0x264 ./src/Ethernet/socket.o
 .debug_frame   0x000027c4      0x2e8 ./src/Ethernet/wizchip_conf.o
 .debug_frame   0x00002aac      0x1c4 ./src/Configuration/ConfigData.o
 .debug_frame   0x00002c70      0x188 ./src/Configuration/ConfigMessage.o
 .debug_frame   0x00002df8       0x58 ./src/main.o
 .debug_frame   0x00002e50       0x20 /usr/local/arm/gcc-arm-none-eabi-4_9-2014q4/bin/../lib/gcc/arm-none-eabi/4.9.3/../../../../arm-none-eabi/lib/armv7-m/libg_nano.a(lib_a-errno.o)
 .debug_frame   0x00002e70       0x28 /usr/local/arm/gcc-arm-none-eabi-4_9-2014q4/bin/../lib/gcc/arm-none-eabi/4.9.3/../../../../arm-none-eabi/lib/armv7-m/libg_nano.a(lib_a-memcmp.o)
 .debug_frame   0x00002e98       0x28 /usr/local/arm/gcc-arm-none-eabi-4_9-2014q4/bin/../lib/gcc/arm-none-eabi/4.9.3/../../../../arm-none-eabi/lib/armv7-m/libg_nano.a(lib_a-memcpy.o)
 .debug_frame   0x00002ec0       0x20 /usr/local/arm/gcc-arm-none-eabi-4_9-2014q4/bin/../lib/gcc/arm-none-eabi/4.9.3/../../../../arm-none-eabi/lib/armv7-m/libg_nano.a(lib_a-memset.o)
 .debug_frame   0x00002ee0       0x74 /usr/local/arm/gcc-arm-none-eabi-4_9-2014q4/bin/../lib/gcc/arm-none-eabi/4.9.3/../../../../arm-none-eabi/lib/armv7-m/libg_nano.a(lib_a-printf.o)
 .debug_frame   0x00002f54       0x20 /usr/local/arm/gcc-arm-none-eabi-4_9-2014q4/bin/../lib/gcc/arm-none-eabi/4.9.3/../../../../arm-none-eabi/lib/armv7-m/libg_nano.a(lib_a-strcpy.o)
 .debug_frame   0x00002f74       0x20 /usr/local/arm/gcc-arm-none-eabi-4_9-2014q4/bin/../lib/gcc/arm-none-eabi/4.9.3/../../../../arm-none-eabi/lib/armv7-m/libg_nano.a(lib_a-strlen.o)
 .debug_frame   0x00002f94       0x50 /usr/local/arm/gcc-arm-none-eabi-4_9-2014q4/bin/../lib/gcc/arm-none-eabi/4.9.3/../../../../arm-none-eabi/lib/armv7-m/libg_nano.a(lib_a-vsprintf.o)
 .debug_frame   0x00002fe4      0x11c /usr/local/arm/gcc-arm-none-eabi-4_9-2014q4/bin/../lib/gcc/arm-none-eabi/4.9.3/../../../../arm-none-eabi/lib/armv7-m/libg_nano.a(lib_a-findfp.o)
 .debug_frame   0x00003100       0x54 /usr/local/arm/gcc-arm-none-eabi-4_9-2014q4/bin/../lib/gcc/arm-none-eabi/4.9.3/../../../../arm-none-eabi/lib/armv7-m/libg_nano.a(lib_a-fwalk.o)
 .debug_frame   0x00003154       0x2c /usr/local/arm/gcc-arm-none-eabi-4_9-2014q4/bin/../lib/gcc/arm-none-eabi/4.9.3/../../../../arm-none-eabi/lib/armv7-m/libg_nano.a(lib_a-nano-freer.o)
 .debug_frame   0x00003180       0x2c /usr/local/arm/gcc-arm-none-eabi-4_9-2014q4/bin/../lib/gcc/arm-none-eabi/4.9.3/../../../../arm-none-eabi/lib/armv7-m/libg_nano.a(lib_a-nano-mallocr.o)
 .debug_frame   0x000031ac       0x8c /usr/local/arm/gcc-arm-none-eabi-4_9-2014q4/bin/../lib/gcc/arm-none-eabi/4.9.3/../../../../arm-none-eabi/lib/armv7-m/libg_nano.a(lib_a-nano-svfprintf.o)
 .debug_frame   0x00003238       0xb8 /usr/local/arm/gcc-arm-none-eabi-4_9-2014q4/bin/../lib/gcc/arm-none-eabi/4.9.3/../../../../arm-none-eabi/lib/armv7-m/libg_nano.a(lib_a-nano-vfprintf.o)
 .debug_frame   0x000032f0       0x58 /usr/local/arm/gcc-arm-none-eabi-4_9-2014q4/bin/../lib/gcc/arm-none-eabi/4.9.3/../../../../arm-none-eabi/lib/armv7-m/libg_nano.a(lib_a-nano-vfprintf_i.o)
 .debug_frame   0x00003348       0x2c /usr/local/arm/gcc-arm-none-eabi-4_9-2014q4/bin/../lib/gcc/arm-none-eabi/4.9.3/../../../../arm-none-eabi/lib/armv7-m/libg_nano.a(lib_a-sbrkr.o)
 .debug_frame   0x00003374       0x88 /usr/local/arm/gcc-arm-none-eabi-4_9-2014q4/bin/../lib/gcc/arm-none-eabi/4.9.3/../../../../arm-none-eabi/lib/armv7-m/libg_nano.a(lib_a-stdio.o)
 .debug_frame   0x000033fc       0x3c /usr/local/arm/gcc-arm-none-eabi-4_9-2014q4/bin/../lib/gcc/arm-none-eabi/4.9.3/../../../../arm-none-eabi/lib/armv7-m/libg_nano.a(lib_a-wbuf.o)
 .debug_frame   0x00003438       0x2c /usr/local/arm/gcc-arm-none-eabi-4_9-2014q4/bin/../lib/gcc/arm-none-eabi/4.9.3/../../../../arm-none-eabi/lib/armv7-m/libg_nano.a(lib_a-writer.o)
 .debug_frame   0x00003464       0x2c /usr/local/arm/gcc-arm-none-eabi-4_9-2014q4/bin/../lib/gcc/arm-none-eabi/4.9.3/../../../../arm-none-eabi/lib/armv7-m/libg_nano.a(lib_a-wsetup.o)
 .debug_frame   0x00003490       0x2c /usr/local/arm/gcc-arm-none-eabi-4_9-2014q4/bin/../lib/gcc/arm-none-eabi/4.9.3/../../../../arm-none-eabi/lib/armv7-m/libg_nano.a(lib_a-closer.o)
 .debug_frame   0x000034bc       0x68 /usr/local/arm/gcc-arm-none-eabi-4_9-2014q4/bin/../lib/gcc/arm-none-eabi/4.9.3/../../../../arm-none-eabi/lib/armv7-m/libg_nano.a(lib_a-fflush.o)
 .debug_frame   0x00003524       0x2c /usr/local/arm/gcc-arm-none-eabi-4_9-2014q4/bin/../lib/gcc/arm-none-eabi/4.9.3/../../../../arm-none-eabi/lib/armv7-m/libg_nano.a(lib_a-lseekr.o)
 .debug_frame   0x00003550       0x34 /usr/local/arm/gcc-arm-none-eabi-4_9-2014q4/bin/../lib/gcc/arm-none-eabi/4.9.3/../../../../arm-none-eabi/lib/armv7-m/libg_nano.a(lib_a-makebuf.o)
 .debug_frame   0x00003584       0x28 /usr/local/arm/gcc-arm-none-eabi-4_9-2014q4/bin/../lib/gcc/arm-none-eabi/4.9.3/../../../../arm-none-eabi/lib/armv7-m/libg_nano.a(lib_a-memchr.o)
 .debug_frame   0x000035ac       0x28 /usr/local/arm/gcc-arm-none-eabi-4_9-2014q4/bin/../lib/gcc/arm-none-eabi/4.9.3/../../../../arm-none-eabi/lib/armv7-m/libg_nano.a(lib_a-memmove.o)
 .debug_frame   0x000035d4       0x3c /usr/local/arm/gcc-arm-none-eabi-4_9-2014q4/bin/../lib/gcc/arm-none-eabi/4.9.3/../../../../arm-none-eabi/lib/armv7-m/libg_nano.a(lib_a-nano-reallocr.o)
 .debug_frame   0x00003610       0x2c /usr/local/arm/gcc-arm-none-eabi-4_9-2014q4/bin/../lib/gcc/arm-none-eabi/4.9.3/../../../../arm-none-eabi/lib/armv7-m/libg_nano.a(lib_a-readr.o)
 .debug_frame   0x0000363c       0x2c /usr/local/arm/gcc-arm-none-eabi-4_9-2014q4/bin/../lib/gcc/arm-none-eabi/4.9.3/../../../../arm-none-eabi/lib/armv7-m/libg_nano.a(lib_a-fstatr.o)
 .debug_frame   0x00003668       0x2c /usr/local/arm/gcc-arm-none-eabi-4_9-2014q4/bin/../lib/gcc/arm-none-eabi/4.9.3/../../../../arm-none-eabi/lib/armv7-m/libg_nano.a(lib_a-isattyr.o)
 .debug_frame   0x00003694       0x20 /usr/local/arm/gcc-arm-none-eabi-4_9-2014q4/bin/../lib/gcc/arm-none-eabi/4.9.3/../../../../arm-none-eabi/lib/armv7-m/libg_nano.a(lib_a-nano-msizer.o)

.debug_str      0x00000000    0x5be88
 *(.debug_str)
 .debug_str     0x00000000    0x4e026 ./system/src/stm32f1-stdperiph/misc.o
                              0x4e184 (size before relaxing)
 .debug_str     0x0004e026      0x812 ./system/src/stm32f1-stdperiph/stm32f10x_flash.o
                              0x4e768 (size before relaxing)
 .debug_str     0x0004e838      0x5c3 ./system/src/stm32f1-stdperiph/stm32f10x_gpio.o
                              0x4e50d (size before relaxing)
 .debug_str     0x0004edfb      0xb45 ./system/src/stm32f1-stdperiph/stm32f10x_rcc.o
                              0x4eadc (size before relaxing)
 .debug_str     0x0004f940      0x5e8 ./system/src/stm32f1-stdperiph/stm32f10x_spi.o
                              0x4e636 (size before relaxing)
 .debug_str     0x0004ff28      0xbf5 ./system/src/stm32f1-stdperiph/stm32f10x_tim.o